Archive member included to satisfy reference by file (symbol)

c:/ac6/systemworkbench/plugins/fr.ac6.mcu.externaltools.arm-none.win32_1.7.0.201602121829/tools/compiler/bin/../lib/gcc/arm-none-eabi/5.2.1/armv6-m\libgcc.a(_udivsi3.o)
                              Drivers/CMSIS/system_stm32f0xx.o (__aeabi_uidiv)
c:/ac6/systemworkbench/plugins/fr.ac6.mcu.externaltools.arm-none.win32_1.7.0.201602121829/tools/compiler/bin/../lib/gcc/arm-none-eabi/5.2.1/armv6-m\libgcc.a(_divsi3.o)
                              Src/UART.o (__aeabi_idivmod)
c:/ac6/systemworkbench/plugins/fr.ac6.mcu.externaltools.arm-none.win32_1.7.0.201602121829/tools/compiler/bin/../lib/gcc/arm-none-eabi/5.2.1/armv6-m\libgcc.a(_dvmd_tls.o)
                              c:/ac6/systemworkbench/plugins/fr.ac6.mcu.externaltools.arm-none.win32_1.7.0.201602121829/tools/compiler/bin/../lib/gcc/arm-none-eabi/5.2.1/armv6-m\libgcc.a(_udivsi3.o) (__aeabi_idiv0)
c:/ac6/systemworkbench/plugins/fr.ac6.mcu.externaltools.arm-none.win32_1.7.0.201602121829/tools/compiler/bin/../lib/gcc/arm-none-eabi/5.2.1/../../../../arm-none-eabi/lib/armv6-m\libc_nano.a(lib_a-exit.o)
                              c:/ac6/systemworkbench/plugins/fr.ac6.mcu.externaltools.arm-none.win32_1.7.0.201602121829/tools/compiler/bin/../lib/gcc/arm-none-eabi/5.2.1/../../../../arm-none-eabi/lib/armv6-m/crt0.o (exit)
c:/ac6/systemworkbench/plugins/fr.ac6.mcu.externaltools.arm-none.win32_1.7.0.201602121829/tools/compiler/bin/../lib/gcc/arm-none-eabi/5.2.1/../../../../arm-none-eabi/lib/armv6-m\libc_nano.a(lib_a-impure.o)
                              c:/ac6/systemworkbench/plugins/fr.ac6.mcu.externaltools.arm-none.win32_1.7.0.201602121829/tools/compiler/bin/../lib/gcc/arm-none-eabi/5.2.1/../../../../arm-none-eabi/lib/armv6-m\libc_nano.a(lib_a-exit.o) (_global_impure_ptr)
c:/ac6/systemworkbench/plugins/fr.ac6.mcu.externaltools.arm-none.win32_1.7.0.201602121829/tools/compiler/bin/../lib/gcc/arm-none-eabi/5.2.1/../../../../arm-none-eabi/lib/armv6-m\libc_nano.a(lib_a-init.o)
                              c:/ac6/systemworkbench/plugins/fr.ac6.mcu.externaltools.arm-none.win32_1.7.0.201602121829/tools/compiler/bin/../lib/gcc/arm-none-eabi/5.2.1/../../../../arm-none-eabi/lib/armv6-m/crt0.o (__libc_init_array)
c:/ac6/systemworkbench/plugins/fr.ac6.mcu.externaltools.arm-none.win32_1.7.0.201602121829/tools/compiler/bin/../lib/gcc/arm-none-eabi/5.2.1/../../../../arm-none-eabi/lib/armv6-m\libc_nano.a(lib_a-memcpy-stub.o)
                              Drivers/STM32F0xx_HAL_Driver/stm32f0xx_hal_rcc.o (memcpy)
c:/ac6/systemworkbench/plugins/fr.ac6.mcu.externaltools.arm-none.win32_1.7.0.201602121829/tools/compiler/bin/../lib/gcc/arm-none-eabi/5.2.1/../../../../arm-none-eabi/lib/armv6-m\libc_nano.a(lib_a-memset.o)
                              c:/ac6/systemworkbench/plugins/fr.ac6.mcu.externaltools.arm-none.win32_1.7.0.201602121829/tools/compiler/bin/../lib/gcc/arm-none-eabi/5.2.1/../../../../arm-none-eabi/lib/armv6-m/crt0.o (memset)
c:/ac6/systemworkbench/plugins/fr.ac6.mcu.externaltools.arm-none.win32_1.7.0.201602121829/tools/compiler/bin/../lib/gcc/arm-none-eabi/5.2.1/../../../../arm-none-eabi/lib/armv6-m\libnosys.a(_exit.o)
                              c:/ac6/systemworkbench/plugins/fr.ac6.mcu.externaltools.arm-none.win32_1.7.0.201602121829/tools/compiler/bin/../lib/gcc/arm-none-eabi/5.2.1/../../../../arm-none-eabi/lib/armv6-m\libc_nano.a(lib_a-exit.o) (_exit)

Allocating common symbols
Common symbol       size              file

loopBackUART4       0x20              Src/UART.o
UART_4_RX_BUFFER    0x80              Src/UART.o
UART_4_RX_RING      0x20              Src/UART.o
uwTick              0x4               Drivers/STM32F0xx_HAL_Driver/stm32f0xx_hal.o
pFlash              0x20              Drivers/STM32F0xx_HAL_Driver/stm32f0xx_hal_flash.o
numBytes            0x4               Src/UART.o
loopBackUART4Buffer
                    0x80              Src/UART.o
huart4              0x70              Src/main.o
UART_4_TX_BUFFER1   0x80              Src/UART.o
ISRBuffer_4         0x1               Src/UART.o
loopBackBuffer      0x80              Src/UART.o
UART_4_TX_DB        0x14              Src/UART.o
UART_4_STRUCT       0x14              Src/UART.o
UART_4_TX_BUFFER2   0x80              Src/UART.o

Discarded input sections

 .text          0x00000000        0x0 c:/ac6/systemworkbench/plugins/fr.ac6.mcu.externaltools.arm-none.win32_1.7.0.201602121829/tools/compiler/bin/../lib/gcc/arm-none-eabi/5.2.1/armv6-m/crti.o
 .data          0x00000000        0x0 c:/ac6/systemworkbench/plugins/fr.ac6.mcu.externaltools.arm-none.win32_1.7.0.201602121829/tools/compiler/bin/../lib/gcc/arm-none-eabi/5.2.1/armv6-m/crti.o
 .bss           0x00000000        0x0 c:/ac6/systemworkbench/plugins/fr.ac6.mcu.externaltools.arm-none.win32_1.7.0.201602121829/tools/compiler/bin/../lib/gcc/arm-none-eabi/5.2.1/armv6-m/crti.o
[...]
Memory Configuration

Name             Origin             Length             Attributes
FLASH            0x08000000         0x00020000         xr
RAM              0x20000000         0x00004000         xrw
*default*        0x00000000         0xffffffff

Linker script and memory map

LOAD c:/ac6/systemworkbench/plugins/fr.ac6.mcu.externaltools.arm-none.win32_1.7.0.201602121829/tools/compiler/bin/../lib/gcc/arm-none-eabi/5.2.1/armv6-m/crti.o
LOAD c:/ac6/systemworkbench/plugins/fr.ac6.mcu.externaltools.arm-none.win32_1.7.0.201602121829/tools/compiler/bin/../lib/gcc/arm-none-eabi/5.2.1/armv6-m/crtbegin.o
LOAD c:/ac6/systemworkbench/plugins/fr.ac6.mcu.externaltools.arm-none.win32_1.7.0.201602121829/tools/compiler/bin/../lib/gcc/arm-none-eabi/5.2.1/../../../../arm-none-eabi/lib/armv6-m/crt0.o
LOAD c:/ac6/systemworkbench/plugins/fr.ac6.mcu.externaltools.arm-none.win32_1.7.0.201602121829/tools/compiler/bin/../lib/gcc/arm-none-eabi/5.2.1/../../../../arm-none-eabi/lib/armv6-m\libm.a
LOAD Application/SW4STM32/startup_stm32f072xb.o
LOAD Drivers/CMSIS/system_stm32f0xx.o
LOAD Drivers/STM32F0xx_HAL_Driver/stm32f0xx_hal.o
LOAD Drivers/STM32F0xx_HAL_Driver/stm32f0xx_hal_cortex.o
LOAD Drivers/STM32F0xx_HAL_Driver/stm32f0xx_hal_dma.o
LOAD Drivers/STM32F0xx_HAL_Driver/stm32f0xx_hal_flash.o
LOAD Drivers/STM32F0xx_HAL_Driver/stm32f0xx_hal_flash_ex.o
LOAD Drivers/STM32F0xx_HAL_Driver/stm32f0xx_hal_gpio.o
LOAD Drivers/STM32F0xx_HAL_Driver/stm32f0xx_hal_i2c.o
LOAD Drivers/STM32F0xx_HAL_Driver/stm32f0xx_hal_i2c_ex.o
LOAD Drivers/STM32F0xx_HAL_Driver/stm32f0xx_hal_pwr.o
LOAD Drivers/STM32F0xx_HAL_Driver/stm32f0xx_hal_pwr_ex.o
LOAD Drivers/STM32F0xx_HAL_Driver/stm32f0xx_hal_rcc.o
LOAD Drivers/STM32F0xx_HAL_Driver/stm32f0xx_hal_rcc_ex.o
LOAD Drivers/STM32F0xx_HAL_Driver/stm32f0xx_hal_tim.o
LOAD Drivers/STM32F0xx_HAL_Driver/stm32f0xx_hal_tim_ex.o
LOAD Drivers/STM32F0xx_HAL_Driver/stm32f0xx_hal_uart.o
LOAD Drivers/STM32F0xx_HAL_Driver/stm32f0xx_hal_uart_ex.o
LOAD Src/UART.o
LOAD Src/main.o
LOAD Src/stm32f0xx_hal_msp.o
LOAD Src/stm32f0xx_it.o
START GROUP
LOAD c:/ac6/systemworkbench/plugins/fr.ac6.mcu.externaltools.arm-none.win32_1.7.0.201602121829/tools/compiler/bin/../lib/gcc/arm-none-eabi/5.2.1/armv6-m\libgcc.a
LOAD c:/ac6/systemworkbench/plugins/fr.ac6.mcu.externaltools.arm-none.win32_1.7.0.201602121829/tools/compiler/bin/../lib/gcc/arm-none-eabi/5.2.1/../../../../arm-none-eabi/lib/armv6-m\libc_nano.a
END GROUP
START GROUP
LOAD c:/ac6/systemworkbench/plugins/fr.ac6.mcu.externaltools.arm-none.win32_1.7.0.201602121829/tools/compiler/bin/../lib/gcc/arm-none-eabi/5.2.1/armv6-m\libgcc.a
LOAD c:/ac6/systemworkbench/plugins/fr.ac6.mcu.externaltools.arm-none.win32_1.7.0.201602121829/tools/compiler/bin/../lib/gcc/arm-none-eabi/5.2.1/../../../../arm-none-eabi/lib/armv6-m\libc_nano.a
LOAD c:/ac6/systemworkbench/plugins/fr.ac6.mcu.externaltools.arm-none.win32_1.7.0.201602121829/tools/compiler/bin/../lib/gcc/arm-none-eabi/5.2.1/../../../../arm-none-eabi/lib/armv6-m\libnosys.a
END GROUP
START GROUP
LOAD c:/ac6/systemworkbench/plugins/fr.ac6.mcu.externaltools.arm-none.win32_1.7.0.201602121829/tools/compiler/bin/../lib/gcc/arm-none-eabi/5.2.1/armv6-m\libgcc.a
LOAD c:/ac6/systemworkbench/plugins/fr.ac6.mcu.externaltools.arm-none.win32_1.7.0.201602121829/tools/compiler/bin/../lib/gcc/arm-none-eabi/5.2.1/../../../../arm-none-eabi/lib/armv6-m\libc_nano.a
LOAD c:/ac6/systemworkbench/plugins/fr.ac6.mcu.externaltools.arm-none.win32_1.7.0.201602121829/tools/compiler/bin/../lib/gcc/arm-none-eabi/5.2.1/../../../../arm-none-eabi/lib/armv6-m\libnosys.a
END GROUP
LOAD c:/ac6/systemworkbench/plugins/fr.ac6.mcu.externaltools.arm-none.win32_1.7.0.201602121829/tools/compiler/bin/../lib/gcc/arm-none-eabi/5.2.1/armv6-m/crtend.o
LOAD c:/ac6/systemworkbench/plugins/fr.ac6.mcu.externaltools.arm-none.win32_1.7.0.201602121829/tools/compiler/bin/../lib/gcc/arm-none-eabi/5.2.1/armv6-m/crtn.o
                0x20004000                _estack = 0x20004000
                0x00000200                _Min_Heap_Size = 0x200
                0x00000400                _Min_Stack_Size = 0x400

.isr_vector     0x08000000       0xc0
                0x08000000                . = ALIGN (0x4)
 *(.isr_vector)
 .isr_vector    0x08000000       0xc0 Application/SW4STM32/startup_stm32f072xb.o
                0x08000000                g_pfnVectors
                0x080000c0                . = ALIGN (0x4)

.text           0x080000c0     0x2e70
                0x080000c0                . = ALIGN (0x4)
 *(.text)
 .text          0x080000c0       0xb4 c:/ac6/systemworkbench/plugins/fr.ac6.mcu.externaltools.arm-none.win32_1.7.0.201602121829/tools/compiler/bin/../lib/gcc/arm-none-eabi/5.2.1/armv6-m/crtbegin.o
 .text          0x08000174      0x114 c:/ac6/systemworkbench/plugins/fr.ac6.mcu.externaltools.arm-none.win32_1.7.0.201602121829/tools/compiler/bin/../lib/gcc/arm-none-eabi/5.2.1/armv6-m\libgcc.a(_udivsi3.o)
                0x08000174                __aeabi_uidiv
                0x08000174                __udivsi3
                0x08000280                __aeabi_uidivmod
 .text          0x08000288      0x1d4 c:/ac6/systemworkbench/plugins/fr.ac6.mcu.externaltools.arm-none.win32_1.7.0.201602121829/tools/compiler/bin/../lib/gcc/arm-none-eabi/5.2.1/armv6-m\libgcc.a(_divsi3.o)
                0x08000288                __divsi3
                0x08000288                __aeabi_idiv
                0x08000454                __aeabi_idivmod
 .text          0x0800045c        0x4 c:/ac6/systemworkbench/plugins/fr.ac6.mcu.externaltools.arm-none.win32_1.7.0.201602121829/tools/compiler/bin/../lib/gcc/arm-none-eabi/5.2.1/armv6-m\libgcc.a(_dvmd_tls.o)
                0x0800045c                __aeabi_idiv0
                0x0800045c                __aeabi_ldiv0
 *(.text*)
 .text.Reset_Handler
                0x08000460       0x50 Application/SW4STM32/startup_stm32f072xb.o
                0x08000460                Reset_Handler
 .text.Default_Handler
                0x080004b0        0x2 Application/SW4STM32/startup_stm32f072xb.o
                0x080004b0                TIM1_CC_IRQHandler
                0x080004b0                TSC_IRQHandler
                0x080004b0                HardFault_Handler
                0x080004b0                ADC1_COMP_IRQHandler
                0x080004b0                PendSV_Handler
                0x080004b0                NMI_Handler
                0x080004b0                I2C1_IRQHandler
                0x080004b0                RCC_CRS_IRQHandler
                0x080004b0                SPI1_IRQHandler
                0x080004b0                TIM6_DAC_IRQHandler
                0x080004b0                EXTI2_3_IRQHandler
                0x080004b0                I2C2_IRQHandler
                0x080004b0                TIM17_IRQHandler
                0x080004b0                CEC_CAN_IRQHandler
                0x080004b0                RTC_IRQHandler
                0x080004b0                PVD_VDDIO2_IRQHandler
                0x080004b0                DMA1_Channel4_5_6_7_IRQHandler
                0x080004b0                TIM16_IRQHandler
                0x080004b0                TIM3_IRQHandler
                0x080004b0                EXTI4_15_IRQHandler
                0x080004b0                DMA1_Channel1_IRQHandler
                0x080004b0                Default_Handler
                0x080004b0                TIM14_IRQHandler
                0x080004b0                TIM7_IRQHandler
                0x080004b0                TIM15_IRQHandler
                0x080004b0                EXTI0_1_IRQHandler
                0x080004b0                USB_IRQHandler
                0x080004b0                SPI2_IRQHandler
                0x080004b0                SVC_Handler
                0x080004b0                WWDG_IRQHandler
                0x080004b0                TIM2_IRQHandler
                0x080004b0                DMA1_Channel2_3_IRQHandler
                0x080004b0                USART2_IRQHandler
                0x080004b0                FLASH_IRQHandler
                0x080004b0                USART1_IRQHandler
                0x080004b0                TIM1_BRK_UP_TRG_COM_IRQHandler
 *fill*         0x080004b2        0x2 
 .text.SystemInit
                0x080004b4       0x88 Drivers/CMSIS/system_stm32f0xx.o
                0x080004b4                SystemInit
 .text.HAL_Init
                0x0800053c       0x28 Drivers/STM32F0xx_HAL_Driver/stm32f0xx_hal.o
                0x0800053c                HAL_Init
 .text.HAL_InitTick
                0x08000564       0x38 Drivers/STM32F0xx_HAL_Driver/stm32f0xx_hal.o
                0x08000564                HAL_InitTick
 .text.HAL_IncTick
                0x0800059c       0x18 Drivers/STM32F0xx_HAL_Driver/stm32f0xx_hal.o
                0x0800059c                HAL_IncTick
 .text.HAL_GetTick
                0x080005b4       0x14 Drivers/STM32F0xx_HAL_Driver/stm32f0xx_hal.o
                0x080005b4                HAL_GetTick
 .text.NVIC_EnableIRQ
                0x080005c8       0x2c Drivers/STM32F0xx_HAL_Driver/stm32f0xx_hal_cortex.o
 .text.NVIC_SetPriority
                0x080005f4       0xdc Drivers/STM32F0xx_HAL_Driver/stm32f0xx_hal_cortex.o
 .text.SysTick_Config
                0x080006d0       0x48 Drivers/STM32F0xx_HAL_Driver/stm32f0xx_hal_cortex.o
 .text.HAL_NVIC_SetPriority
                0x08000718       0x2c Drivers/STM32F0xx_HAL_Driver/stm32f0xx_hal_cortex.o
                0x08000718                HAL_NVIC_SetPriority
 .text.HAL_NVIC_EnableIRQ
                0x08000744       0x20 Drivers/STM32F0xx_HAL_Driver/stm32f0xx_hal_cortex.o
                0x08000744                HAL_NVIC_EnableIRQ
 .text.HAL_SYSTICK_Config
                0x08000764       0x1c Drivers/STM32F0xx_HAL_Driver/stm32f0xx_hal_cortex.o
                0x08000764                HAL_SYSTICK_Config
 .text.HAL_SYSTICK_CLKSourceConfig
                0x08000780       0x34 Drivers/STM32F0xx_HAL_Driver/stm32f0xx_hal_cortex.o
                0x08000780                HAL_SYSTICK_CLKSourceConfig
 .text.HAL_SYSTICK_IRQHandler
                0x080007b4       0x10 Drivers/STM32F0xx_HAL_Driver/stm32f0xx_hal_cortex.o
                0x080007b4                HAL_SYSTICK_IRQHandler
 .text.HAL_SYSTICK_Callback
                0x080007c4        0xc Drivers/STM32F0xx_HAL_Driver/stm32f0xx_hal_cortex.o
                0x080007c4                HAL_SYSTICK_Callback
 .text.HAL_GPIO_Init
                0x080007d0      0x2f8 Drivers/STM32F0xx_HAL_Driver/stm32f0xx_hal_gpio.o
                0x080007d0                HAL_GPIO_Init
 .text.HAL_GPIO_WritePin
                0x08000ac8       0x3c Drivers/STM32F0xx_HAL_Driver/stm32f0xx_hal_gpio.o
                0x08000ac8                HAL_GPIO_WritePin
 .text.HAL_RCC_OscConfig
                0x08000b04      0x6bc Drivers/STM32F0xx_HAL_Driver/stm32f0xx_hal_rcc.o
                0x08000b04                HAL_RCC_OscConfig
 .text.HAL_RCC_ClockConfig
                0x080011c0      0x210 Drivers/STM32F0xx_HAL_Driver/stm32f0xx_hal_rcc.o
                0x080011c0                HAL_RCC_ClockConfig
 .text.HAL_RCC_GetSysClockFreq
                0x080013d0      0x104 Drivers/STM32F0xx_HAL_Driver/stm32f0xx_hal_rcc.o
                0x080013d0                HAL_RCC_GetSysClockFreq
 .text.HAL_RCC_GetHCLKFreq
                0x080014d4       0x14 Drivers/STM32F0xx_HAL_Driver/stm32f0xx_hal_rcc.o
                0x080014d4                HAL_RCC_GetHCLKFreq
 .text.HAL_RCC_GetPCLK1Freq
                0x080014e8       0x2c Drivers/STM32F0xx_HAL_Driver/stm32f0xx_hal_rcc.o
                0x080014e8                HAL_RCC_GetPCLK1Freq
 .text.HAL_UART_Init
                0x08001514       0xb0 Drivers/STM32F0xx_HAL_Driver/stm32f0xx_hal_uart.o
                0x08001514                HAL_UART_Init
 .text.HAL_UART_Transmit_IT
                0x080015c4       0xb0 Drivers/STM32F0xx_HAL_Driver/stm32f0xx_hal_uart.o
                0x080015c4                HAL_UART_Transmit_IT
 .text.HAL_UART_Receive_IT
                0x08001674      0x14c Drivers/STM32F0xx_HAL_Driver/stm32f0xx_hal_uart.o
                0x08001674                HAL_UART_Receive_IT
 .text.HAL_UART_IRQHandler
                0x080017c0      0x180 Drivers/STM32F0xx_HAL_Driver/stm32f0xx_hal_uart.o
                0x080017c0                HAL_UART_IRQHandler
 .text.HAL_UART_GetState
                0x08001940       0x38 Drivers/STM32F0xx_HAL_Driver/stm32f0xx_hal_uart.o
                0x08001940                HAL_UART_GetState
 .text.UART_SetConfig
                0x08001978      0x384 Drivers/STM32F0xx_HAL_Driver/stm32f0xx_hal_uart.o
                0x08001978                UART_SetConfig
 .text.UART_AdvFeatureConfig
                0x08001cfc      0x158 Drivers/STM32F0xx_HAL_Driver/stm32f0xx_hal_uart.o
                0x08001cfc                UART_AdvFeatureConfig
 .text.UART_CheckIdleState
                0x08001e54       0x98 Drivers/STM32F0xx_HAL_Driver/stm32f0xx_hal_uart.o
                0x08001e54                UART_CheckIdleState
 .text.UART_WaitOnFlagUntilTimeout
                0x08001eec      0x144 Drivers/STM32F0xx_HAL_Driver/stm32f0xx_hal_uart.o
                0x08001eec                UART_WaitOnFlagUntilTimeout
 .text.UART_Transmit_IT
                0x08002030       0xac Drivers/STM32F0xx_HAL_Driver/stm32f0xx_hal_uart.o
                0x08002030                UART_Transmit_IT
 .text.UART_EndTransmit_IT
                0x080020dc       0x34 Drivers/STM32F0xx_HAL_Driver/stm32f0xx_hal_uart.o
                0x080020dc                UART_EndTransmit_IT
 .text.UART_Receive_IT
                0x08002110      0x100 Drivers/STM32F0xx_HAL_Driver/stm32f0xx_hal_uart.o
                0x08002110                UART_Receive_IT
 .text.HAL_UARTEx_WakeupCallback
                0x08002210       0x10 Drivers/STM32F0xx_HAL_Driver/stm32f0xx_hal_uart_ex.o
                0x08002210                HAL_UARTEx_WakeupCallback
 .text.UARTInit
                0x08002220       0xb4 Src/UART.o
                0x08002220                UARTInit
 .text.UARTLoopDemo
                0x080022d4       0x94 Src/UART.o
                0x080022d4                UARTLoopDemo
 .text.UARTSetup
                0x08002368       0x3c Src/UART.o
                0x08002368                UARTSetup
 .text.UARTWriteBuffer
                0x080023a4       0x68 Src/UART.o
                0x080023a4                UARTWriteBuffer
 .text.UARTTXCallBackHandler
                0x0800240c       0x54 Src/UART.o
                0x0800240c                UARTTXCallBackHandler
 .text.UARTAvailabe
                0x08002460       0x1c Src/UART.o
                0x08002460                UARTAvailabe
 .text.UARTGetBuffer
                0x0800247c       0x24 Src/UART.o
                0x0800247c                UARTGetBuffer
 .text.UARTRXCallBackHandler
                0x080024a0       0xe4 Src/UART.o
                0x080024a0                UARTRXCallBackHandler
 .text.HAL_UART_RxCpltCallback
                0x08002584       0x48 Src/UART.o
                0x08002584                HAL_UART_RxCpltCallback
 .text.HAL_UART_TxCpltCallback
                0x080025cc       0x48 Src/UART.o
                0x080025cc                HAL_UART_TxCpltCallback
 .text.HAL_UART_ErrorCallback
                0x08002614       0x10 Src/UART.o
                0x08002614                HAL_UART_ErrorCallback
 .text.DoubleBufferCreate
                0x08002624       0x44 Src/UART.o
                0x08002624                DoubleBufferCreate
 .text.DoubleBufferWrite
                0x08002668       0x84 Src/UART.o
                0x08002668                DoubleBufferWrite
 .text.DoubleBufferSwap
                0x080026ec       0x48 Src/UART.o
                0x080026ec                DoubleBufferSwap
 .text.RingBufferAvailable
                0x08002734       0x38 Src/UART.o
                0x08002734                RingBufferAvailable
 .text.RingBufferCreate
                0x0800276c       0x30 Src/UART.o
                0x0800276c                RingBufferCreate
 .text.RingBufferWriteByte
                0x0800279c       0x68 Src/UART.o
                0x0800279c                RingBufferWriteByte
 .text.RingBufferWrite
                0x08002804      0x118 Src/UART.o
                0x08002804                RingBufferWrite
 .text.RingBufferRead
                0x0800291c      0x140 Src/UART.o
                0x0800291c                RingBufferRead
 .text.main     0x08002a5c       0x20 Src/main.o
                0x08002a5c                main
 .text.SystemClock_Config
                0x08002a7c       0xb4 Src/main.o
                0x08002a7c                SystemClock_Config
 .text.MX_USART4_UART_Init
                0x08002b30       0x60 Src/main.o
 .text.MX_GPIO_Init
                0x08002b90      0x1dc Src/main.o
 .text.Error_Handler
                0x08002d6c        0x8 Src/main.o
                0x08002d6c                Error_Handler
 .text.HAL_MspInit
                0x08002d74       0x54 Src/stm32f0xx_hal_msp.o
                0x08002d74                HAL_MspInit
 .text.HAL_UART_MspInit
                0x08002dc8       0xc4 Src/stm32f0xx_hal_msp.o
                0x08002dc8                HAL_UART_MspInit
 .text.SysTick_Handler
                0x08002e8c       0x14 Src/stm32f0xx_it.o
                0x08002e8c                SysTick_Handler
 .text.USART3_4_IRQHandler
                0x08002ea0       0x18 Src/stm32f0xx_it.o
                0x08002ea0                USART3_4_IRQHandler
 .text.__libc_init_array
                0x08002eb8       0x4c c:/ac6/systemworkbench/plugins/fr.ac6.mcu.externaltools.arm-none.win32_1.7.0.201602121829/tools/compiler/bin/../lib/gcc/arm-none-eabi/5.2.1/../../../../arm-none-eabi/lib/armv6-m\libc_nano.a(lib_a-init.o)
                0x08002eb8                __libc_init_array
 .text.memcpy   0x08002f04       0x12 c:/ac6/systemworkbench/plugins/fr.ac6.mcu.externaltools.arm-none.win32_1.7.0.201602121829/tools/compiler/bin/../lib/gcc/arm-none-eabi/5.2.1/../../../../arm-none-eabi/lib/armv6-m\libc_nano.a(lib_a-memcpy-stub.o)
                0x08002f04                memcpy
 *(.glue_7)
 .glue_7        0x08002f16        0x0 linker stubs
 *(.glue_7t)
 .glue_7t       0x08002f16        0x0 linker stubs
 *(.eh_frame)
 *fill*         0x08002f16        0x2 
 .eh_frame      0x08002f18        0x0 c:/ac6/systemworkbench/plugins/fr.ac6.mcu.externaltools.arm-none.win32_1.7.0.201602121829/tools/compiler/bin/../lib/gcc/arm-none-eabi/5.2.1/armv6-m/crtbegin.o
 *(.init)
 .init          0x08002f18        0x4 c:/ac6/systemworkbench/plugins/fr.ac6.mcu.externaltools.arm-none.win32_1.7.0.201602121829/tools/compiler/bin/../lib/gcc/arm-none-eabi/5.2.1/armv6-m/crti.o
                0x08002f18                _init
 .init          0x08002f1c        0x8 c:/ac6/systemworkbench/plugins/fr.ac6.mcu.externaltools.arm-none.win32_1.7.0.201602121829/tools/compiler/bin/../lib/gcc/arm-none-eabi/5.2.1/armv6-m/crtn.o
 *(.fini)
 .fini          0x08002f24        0x4 c:/ac6/systemworkbench/plugins/fr.ac6.mcu.externaltools.arm-none.win32_1.7.0.201602121829/tools/compiler/bin/../lib/gcc/arm-none-eabi/5.2.1/armv6-m/crti.o
                0x08002f24                _fini
 .fini          0x08002f28        0x8 c:/ac6/systemworkbench/plugins/fr.ac6.mcu.externaltools.arm-none.win32_1.7.0.201602121829/tools/compiler/bin/../lib/gcc/arm-none-eabi/5.2.1/armv6-m/crtn.o
                0x08002f30                . = ALIGN (0x4)
                0x08002f30                _etext = .

.vfp11_veneer   0x08002f30        0x0
 .vfp11_veneer  0x08002f30        0x0 linker stubs

.v4_bx          0x08002f30        0x0
 .v4_bx         0x08002f30        0x0 linker stubs

.iplt           0x08002f30        0x0
 .iplt          0x08002f30        0x0 c:/ac6/systemworkbench/plugins/fr.ac6.mcu.externaltools.arm-none.win32_1.7.0.201602121829/tools/compiler/bin/../lib/gcc/arm-none-eabi/5.2.1/armv6-m/crtbegin.o

.rodata         0x08002f30       0x38
                0x08002f30                . = ALIGN (0x4)
 *(.rodata)
 .rodata        0x08002f30       0x18 Drivers/CMSIS/system_stm32f0xx.o
                0x08002f30                AHBPrescTable
                0x08002f40                APBPrescTable
 .rodata        0x08002f48       0x20 Drivers/STM32F0xx_HAL_Driver/stm32f0xx_hal_rcc.o
 *(.rodata*)
                0x08002f68                . = ALIGN (0x4)

.rel.dyn        0x08002f68        0x0
 .rel.iplt      0x08002f68        0x0 c:/ac6/systemworkbench/plugins/fr.ac6.mcu.externaltools.arm-none.win32_1.7.0.201602121829/tools/compiler/bin/../lib/gcc/arm-none-eabi/5.2.1/armv6-m/crtbegin.o

.ARM.extab
 *(.ARM.extab* .gnu.linkonce.armextab.*)

.ARM            0x08002f68        0x0
                0x08002f68                __exidx_start = .
 *(.ARM.exidx*)
                0x08002f68                __exidx_end = .

.preinit_array  0x08002f68        0x0
                0x08002f68                PROVIDE (__preinit_array_start, .)
 *(.preinit_array*)
                0x08002f68                PROVIDE (__preinit_array_end, .)

.init_array     0x08002f68        0x4
                0x08002f68                PROVIDE (__init_array_start, .)
 *(SORT(.init_array.*))
 *(.init_array*)
 .init_array    0x08002f68        0x4 c:/ac6/systemworkbench/plugins/fr.ac6.mcu.externaltools.arm-none.win32_1.7.0.201602121829/tools/compiler/bin/../lib/gcc/arm-none-eabi/5.2.1/armv6-m/crtbegin.o
                0x08002f6c                PROVIDE (__init_array_end, .)

.fini_array     0x08002f6c        0x4
                [!provide]                PROVIDE (__fini_array_start, .)
 *(SORT(.fini_array.*))
 *(.fini_array*)
 .fini_array    0x08002f6c        0x4 c:/ac6/systemworkbench/plugins/fr.ac6.mcu.externaltools.arm-none.win32_1.7.0.201602121829/tools/compiler/bin/../lib/gcc/arm-none-eabi/5.2.1/armv6-m/crtbegin.o
                [!provide]                PROVIDE (__fini_array_end, .)
                0x08002f70                _sidata = LOADADDR (.data)

.data           0x20000000       0x44 load address 0x08002f70
                0x20000000                . = ALIGN (0x4)
                0x20000000                _sdata = .
 *(.data)
 .data          0x20000000        0x4 Drivers/CMSIS/system_stm32f0xx.o
                0x20000000                SystemCoreClock
 .data          0x20000004       0x40 Src/UART.o
                0x20000004                testMessage0
                0x20000024                testMessage4
 *(.data*)
                0x20000044                . = ALIGN (0x4)
                0x20000044                _edata = .

.jcr            0x20000044        0x0 load address 0x08002fb4
 .jcr           0x20000044        0x0 c:/ac6/systemworkbench/plugins/fr.ac6.mcu.externaltools.arm-none.win32_1.7.0.201602121829/tools/compiler/bin/../lib/gcc/arm-none-eabi/5.2.1/armv6-m/crtbegin.o

.tm_clone_table
                0x20000044        0x0 load address 0x08002fb4
 .tm_clone_table
                0x20000044        0x0 c:/ac6/systemworkbench/plugins/fr.ac6.mcu.externaltools.arm-none.win32_1.7.0.201602121829/tools/compiler/bin/../lib/gcc/arm-none-eabi/5.2.1/armv6-m/crtbegin.o
 .tm_clone_table
                0x20000044        0x0 c:/ac6/systemworkbench/plugins/fr.ac6.mcu.externaltools.arm-none.win32_1.7.0.201602121829/tools/compiler/bin/../lib/gcc/arm-none-eabi/5.2.1/armv6-m/crtend.o

.igot.plt       0x20000044        0x0 load address 0x08002fb4
 .igot.plt      0x20000044        0x0 c:/ac6/systemworkbench/plugins/fr.ac6.mcu.externaltools.arm-none.win32_1.7.0.201602121829/tools/compiler/bin/../lib/gcc/arm-none-eabi/5.2.1/armv6-m/crtbegin.o
                0x20000044                . = ALIGN (0x4)

.bss            0x20000044      0x380 load address 0x08002fb4
                0x20000044                _sbss = .
                0x20000044                __bss_start__ = _sbss
 *(.bss)
 .bss           0x20000044       0x1c c:/ac6/systemworkbench/plugins/fr.ac6.mcu.externaltools.arm-none.win32_1.7.0.201602121829/tools/compiler/bin/../lib/gcc/arm-none-eabi/5.2.1/armv6-m/crtbegin.o
 *(.bss*)
 *(COMMON)
 COMMON         0x20000060        0x4 Drivers/STM32F0xx_HAL_Driver/stm32f0xx_hal.o
                0x20000060                uwTick
 COMMON         0x20000064      0x2f0 Src/UART.o
                0x20000064                loopBackUART4
                0x20000084                UART_4_RX_BUFFER
                0x20000104                UART_4_RX_RING
                0x20000124                numBytes
                0x20000128                loopBackUART4Buffer
                0x200001a8                UART_4_TX_BUFFER1
                0x20000228                ISRBuffer_4
                0x2000022c                loopBackBuffer
                0x200002ac                UART_4_TX_DB
                0x200002c0                UART_4_STRUCT
                0x200002d4                UART_4_TX_BUFFER2
 COMMON         0x20000354       0x70 Src/main.o
                0x20000354                huart4
                0x200003c4                . = ALIGN (0x4)
                0x200003c4                _ebss = .
                0x200003c4                __bss_end__ = _ebss

._user_heap_stack
                0x200003c4      0x604 load address 0x08002fb4
                0x200003c8                . = ALIGN (0x8)
 *fill*         0x200003c4        0x4 
                [!provide]                PROVIDE (end, .)
                [!provide]                PROVIDE (_end, .)
                0x200005c8                . = (. + _Min_Heap_Size)
 *fill*         0x200003c8      0x200 
                0x200009c8                . = (. + _Min_Stack_Size)
 *fill*         0x200005c8      0x400 
                0x200009c8                . = ALIGN (0x8)

/DISCARD/
 libc.a(*)
 libm.a(*)
 libgcc.a(*)

.ARM.attributes
                0x00000000       0x28
 *(.ARM.attributes)
 .ARM.attributes
                0x00000000       0x1e c:/ac6/systemworkbench/plugins/fr.ac6.mcu.externaltools.arm-none.win32_1.7.0.201602121829/tools/compiler/bin/../lib/gcc/arm-none-eabi/5.2.1/armv6-m/crti.o
 .ARM.attributes
                0x0000001e       0x2c c:/ac6/systemworkbench/plugins/fr.ac6.mcu.externaltools.arm-none.win32_1.7.0.201602121829/tools/compiler/bin/../lib/gcc/arm-none-eabi/5.2.1/armv6-m/crtbegin.o
 .ARM.attributes
                0x0000004a       0x21 Application/SW4STM32/startup_stm32f072xb.o
 .ARM.attributes
                0x0000006b       0x31 Drivers/CMSIS/system_stm32f0xx.o
 .ARM.attributes
                0x0000009c       0x31 Drivers/STM32F0xx_HAL_Driver/stm32f0xx_hal.o
 .ARM.attributes
                0x000000cd       0x31 Drivers/STM32F0xx_HAL_Driver/stm32f0xx_hal_cortex.o
 .ARM.attributes
                0x000000fe       0x31 Drivers/STM32F0xx_HAL_Driver/stm32f0xx_hal_gpio.o
 .ARM.attributes
                0x0000012f       0x31 Drivers/STM32F0xx_HAL_Driver/stm32f0xx_hal_rcc.o
 .ARM.attributes
                0x00000160       0x31 Drivers/STM32F0xx_HAL_Driver/stm32f0xx_hal_uart.o
 .ARM.attributes
                0x00000191       0x31 Drivers/STM32F0xx_HAL_Driver/stm32f0xx_hal_uart_ex.o
 .ARM.attributes
                0x000001c2       0x31 Src/UART.o
 .ARM.attributes
                0x000001f3       0x31 Src/main.o
 .ARM.attributes
                0x00000224       0x31 Src/stm32f0xx_hal_msp.o
 .ARM.attributes
                0x00000255       0x31 Src/stm32f0xx_it.o
 .ARM.attributes
                0x00000286       0x1e c:/ac6/systemworkbench/plugins/fr.ac6.mcu.externaltools.arm-none.win32_1.7.0.201602121829/tools/compiler/bin/../lib/gcc/arm-none-eabi/5.2.1/armv6-m\libgcc.a(_udivsi3.o)
 .ARM.attributes
                0x000002a4       0x1e c:/ac6/systemworkbench/plugins/fr.ac6.mcu.externaltools.arm-none.win32_1.7.0.201602121829/tools/compiler/bin/../lib/gcc/arm-none-eabi/5.2.1/armv6-m\libgcc.a(_divsi3.o)
 .ARM.attributes
                0x000002c2       0x1e c:/ac6/systemworkbench/plugins/fr.ac6.mcu.externaltools.arm-none.win32_1.7.0.201602121829/tools/compiler/bin/../lib/gcc/arm-none-eabi/5.2.1/armv6-m\libgcc.a(_dvmd_tls.o)
 .ARM.attributes
                0x000002e0       0x2c c:/ac6/systemworkbench/plugins/fr.ac6.mcu.externaltools.arm-none.win32_1.7.0.201602121829/tools/compiler/bin/../lib/gcc/arm-none-eabi/5.2.1/../../../../arm-none-eabi/lib/armv6-m\libc_nano.a(lib_a-init.o)
 .ARM.attributes
                0x0000030c       0x2c c:/ac6/systemworkbench/plugins/fr.ac6.mcu.externaltools.arm-none.win32_1.7.0.201602121829/tools/compiler/bin/../lib/gcc/arm-none-eabi/5.2.1/../../../../arm-none-eabi/lib/armv6-m\libc_nano.a(lib_a-memcpy-stub.o)
 .ARM.attributes
                0x00000338       0x2c c:/ac6/systemworkbench/plugins/fr.ac6.mcu.externaltools.arm-none.win32_1.7.0.201602121829/tools/compiler/bin/../lib/gcc/arm-none-eabi/5.2.1/armv6-m/crtend.o
 .ARM.attributes
                0x00000364       0x1e c:/ac6/systemworkbench/plugins/fr.ac6.mcu.externaltools.arm-none.win32_1.7.0.201602121829/tools/compiler/bin/../lib/gcc/arm-none-eabi/5.2.1/armv6-m/crtn.o
OUTPUT(HAL_UART_IT_F0.elf elf32-littlearm)

.debug_line     0x00000000     0x6a68
 .debug_line    0x00000000       0xe9 Application/SW4STM32/startup_stm32f072xb.o
 .debug_line    0x000000e9      0x845 Drivers/CMSIS/system_stm32f0xx.o
 .debug_line    0x0000092e      0x929 Drivers/STM32F0xx_HAL_Driver/stm32f0xx_hal.o
 .debug_line    0x00001257      0x9b3 Drivers/STM32F0xx_HAL_Driver/stm32f0xx_hal_cortex.o
 .debug_line    0x00001c0a      0x97c Drivers/STM32F0xx_HAL_Driver/stm32f0xx_hal_gpio.o
 .debug_line    0x00002586      0xa74 Drivers/STM32F0xx_HAL_Driver/stm32f0xx_hal_rcc.o
 .debug_line    0x00002ffa      0xf9b Drivers/STM32F0xx_HAL_Driver/stm32f0xx_hal_uart.o
 .debug_line    0x00003f95      0x955 Drivers/STM32F0xx_HAL_Driver/stm32f0xx_hal_uart_ex.o
 .debug_line    0x000048ea      0x9a2 Src/UART.o
 .debug_line    0x0000528c      0x838 Src/main.o
 .debug_line    0x00005ac4      0x7df Src/stm32f0xx_hal_msp.o
 .debug_line    0x000062a3      0x7c5 Src/stm32f0xx_it.o

.debug_info     0x00000000     0x59ec
 .debug_info    0x00000000       0xe5 Application/SW4STM32/startup_stm32f072xb.o
 .debug_info    0x000000e5      0x242 Drivers/CMSIS/system_stm32f0xx.o
 .debug_info    0x00000327      0x536 Drivers/STM32F0xx_HAL_Driver/stm32f0xx_hal.o
 .debug_info    0x0000085d      0x6df Drivers/STM32F0xx_HAL_Driver/stm32f0xx_hal_cortex.o
 .debug_info    0x00000f3c      0x5e1 Drivers/STM32F0xx_HAL_Driver/stm32f0xx_hal_gpio.o
 .debug_info    0x0000151d      0x7a6 Drivers/STM32F0xx_HAL_Driver/stm32f0xx_hal_rcc.o
 .debug_info    0x00001cc3      0xf99 Drivers/STM32F0xx_HAL_Driver/stm32f0xx_hal_uart.o
 .debug_info    0x00002c5c      0x800 Drivers/STM32F0xx_HAL_Driver/stm32f0xx_hal_uart_ex.o
 .debug_info    0x0000345c      0xc4a Src/UART.o
 .debug_info    0x000040a6      0xab4 Src/main.o
 .debug_info    0x00004b5a      0x8db Src/stm32f0xx_hal_msp.o
 .debug_info    0x00005435      0x5b7 Src/stm32f0xx_it.o

.debug_abbrev   0x00000000     0x11aa
 .debug_abbrev  0x00000000       0x12 Application/SW4STM32/startup_stm32f072xb.o
 .debug_abbrev  0x00000012       0xf3 Drivers/CMSIS/system_stm32f0xx.o
 .debug_abbrev  0x00000105      0x179 Drivers/STM32F0xx_HAL_Driver/stm32f0xx_hal.o
 .debug_abbrev  0x0000027e      0x234 Drivers/STM32F0xx_HAL_Driver/stm32f0xx_hal_cortex.o
 .debug_abbrev  0x000004b2      0x1b6 Drivers/STM32F0xx_HAL_Driver/stm32f0xx_hal_gpio.o
 .debug_abbrev  0x00000668      0x1eb Drivers/STM32F0xx_HAL_Driver/stm32f0xx_hal_rcc.o
 .debug_abbrev  0x00000853      0x1b0 Drivers/STM32F0xx_HAL_Driver/stm32f0xx_hal_uart.o
 .debug_abbrev  0x00000a03      0x1a5 Drivers/STM32F0xx_HAL_Driver/stm32f0xx_hal_uart_ex.o
 .debug_abbrev  0x00000ba8      0x1bf Src/UART.o
 .debug_abbrev  0x00000d67      0x1df Src/main.o
 .debug_abbrev  0x00000f46      0x15f Src/stm32f0xx_hal_msp.o
 .debug_abbrev  0x000010a5      0x105 Src/stm32f0xx_it.o

.debug_aranges  0x00000000      0x588
 .debug_aranges
                0x00000000       0x28 Application/SW4STM32/startup_stm32f072xb.o
 .debug_aranges
                0x00000028       0x28 Drivers/CMSIS/system_stm32f0xx.o
 .debug_aranges
                0x00000050       0xa0 Drivers/STM32F0xx_HAL_Driver/stm32f0xx_hal.o
 .debug_aranges
                0x000000f0       0xc0 Drivers/STM32F0xx_HAL_Driver/stm32f0xx_hal_cortex.o
 .debug_aranges
                0x000001b0       0x58 Drivers/STM32F0xx_HAL_Driver/stm32f0xx_hal_gpio.o
 .debug_aranges
                0x00000208       0x80 Drivers/STM32F0xx_HAL_Driver/stm32f0xx_hal_rcc.o
 .debug_aranges
                0x00000288      0x158 Drivers/STM32F0xx_HAL_Driver/stm32f0xx_hal_uart.o
 .debug_aranges
                0x000003e0       0x60 Drivers/STM32F0xx_HAL_Driver/stm32f0xx_hal_uart_ex.o
 .debug_aranges
                0x00000440       0xb0 Src/UART.o
 .debug_aranges
                0x000004f0       0x40 Src/main.o
 .debug_aranges
                0x00000530       0x30 Src/stm32f0xx_hal_msp.o
 .debug_aranges
                0x00000560       0x28 Src/stm32f0xx_it.o

.debug_ranges   0x00000000      0x4d0
 .debug_ranges  0x00000000       0x20 Application/SW4STM32/startup_stm32f072xb.o
 .debug_ranges  0x00000020       0x18 Drivers/CMSIS/system_stm32f0xx.o
 .debug_ranges  0x00000038       0x90 Drivers/STM32F0xx_HAL_Driver/stm32f0xx_hal.o
 .debug_ranges  0x000000c8       0xb0 Drivers/STM32F0xx_HAL_Driver/stm32f0xx_hal_cortex.o
 .debug_ranges  0x00000178       0x48 Drivers/STM32F0xx_HAL_Driver/stm32f0xx_hal_gpio.o
 .debug_ranges  0x000001c0       0x70 Drivers/STM32F0xx_HAL_Driver/stm32f0xx_hal_rcc.o
 .debug_ranges  0x00000230      0x148 Drivers/STM32F0xx_HAL_Driver/stm32f0xx_hal_uart.o
 .debug_ranges  0x00000378       0x50 Drivers/STM32F0xx_HAL_Driver/stm32f0xx_hal_uart_ex.o
 .debug_ranges  0x000003c8       0xa0 Src/UART.o
 .debug_ranges  0x00000468       0x30 Src/main.o
 .debug_ranges  0x00000498       0x20 Src/stm32f0xx_hal_msp.o
 .debug_ranges  0x000004b8       0x18 Src/stm32f0xx_it.o

.debug_macro    0x00000000    0x18f78
 .debug_macro   0x00000000      0x2c3 Drivers/CMSIS/system_stm32f0xx.o
 .debug_macro   0x000002c3      0x832 Drivers/CMSIS/system_stm32f0xx.o
 .debug_macro   0x00000af5       0x2e Drivers/CMSIS/system_stm32f0xx.o
 .debug_macro   0x00000b23       0x22 Drivers/CMSIS/system_stm32f0xx.o
 .debug_macro   0x00000b45       0x22 Drivers/CMSIS/system_stm32f0xx.o
 .debug_macro   0x00000b67       0x44 Drivers/CMSIS/system_stm32f0xx.o
 .debug_macro   0x00000bab       0xfd Drivers/CMSIS/system_stm32f0xx.o
 .debug_macro   0x00000ca8       0x22 Drivers/CMSIS/system_stm32f0xx.o
 .debug_macro   0x00000cca      0x1df Drivers/CMSIS/system_stm32f0xx.o
 .debug_macro   0x00000ea9       0x34 Drivers/CMSIS/system_stm32f0xx.o
 .debug_macro   0x00000edd       0x26 Drivers/CMSIS/system_stm32f0xx.o
 .debug_macro   0x00000f03      0x30d Drivers/CMSIS/system_stm32f0xx.o
 .debug_macro   0x00001210     0xfce4 Drivers/CMSIS/system_stm32f0xx.o
 .debug_macro   0x00010ef4       0x3c Drivers/CMSIS/system_stm32f0xx.o
 .debug_macro   0x00010f30       0xa6 Drivers/CMSIS/system_stm32f0xx.o
 .debug_macro   0x00010fd6       0x9e Drivers/CMSIS/system_stm32f0xx.o
 .debug_macro   0x00011074     0x3398 Drivers/CMSIS/system_stm32f0xx.o
 .debug_macro   0x0001440c       0x58 Drivers/CMSIS/system_stm32f0xx.o
 .debug_macro   0x00014464       0x35 Drivers/CMSIS/system_stm32f0xx.o
 .debug_macro   0x00014499       0x9c Drivers/CMSIS/system_stm32f0xx.o
 .debug_macro   0x00014535       0x16 Drivers/CMSIS/system_stm32f0xx.o
 .debug_macro   0x0001454b       0x97 Drivers/CMSIS/system_stm32f0xx.o
 .debug_macro   0x000145e2      0x329 Drivers/CMSIS/system_stm32f0xx.o
 .debug_macro   0x0001490b       0xfd Drivers/CMSIS/system_stm32f0xx.o
 .debug_macro   0x00014a08       0x10 Drivers/CMSIS/system_stm32f0xx.o
 .debug_macro   0x00014a18       0x52 Drivers/CMSIS/system_stm32f0xx.o
 .debug_macro   0x00014a6a       0x16 Drivers/CMSIS/system_stm32f0xx.o
 .debug_macro   0x00014a80       0x43 Drivers/CMSIS/system_stm32f0xx.o
 .debug_macro   0x00014ac3      0x187 Drivers/CMSIS/system_stm32f0xx.o
 .debug_macro   0x00014c4a       0x10 Drivers/CMSIS/system_stm32f0xx.o
 .debug_macro   0x00014c5a       0x22 Drivers/CMSIS/system_stm32f0xx.o
 .debug_macro   0x00014c7c       0x3a Drivers/CMSIS/system_stm32f0xx.o
 .debug_macro   0x00014cb6       0x10 Drivers/CMSIS/system_stm32f0xx.o
 .debug_macro   0x00014cc6       0x40 Drivers/CMSIS/system_stm32f0xx.o
 .debug_macro   0x00014d06       0x65 Drivers/CMSIS/system_stm32f0xx.o
 .debug_macro   0x00014d6b       0x16 Drivers/CMSIS/system_stm32f0xx.o
 .debug_macro   0x00014d81      0x197 Drivers/CMSIS/system_stm32f0xx.o
 .debug_macro   0x00014f18       0x49 Drivers/CMSIS/system_stm32f0xx.o
 .debug_macro   0x00014f61      0x953 Drivers/CMSIS/system_stm32f0xx.o
 .debug_macro   0x000158b4      0x5f3 Drivers/CMSIS/system_stm32f0xx.o
 .debug_macro   0x00015ea7      0x13a Drivers/CMSIS/system_stm32f0xx.o
 .debug_macro   0x00015fe1      0x1a7 Drivers/CMSIS/system_stm32f0xx.o
 .debug_macro   0x00016188      0x225 Drivers/CMSIS/system_stm32f0xx.o
 .debug_macro   0x000163ad       0x34 Drivers/CMSIS/system_stm32f0xx.o
 .debug_macro   0x000163e1       0x43 Drivers/CMSIS/system_stm32f0xx.o
 .debug_macro   0x00016424       0x29 Drivers/CMSIS/system_stm32f0xx.o
 .debug_macro   0x0001644d       0xb6 Drivers/CMSIS/system_stm32f0xx.o
 .debug_macro   0x00016503      0x217 Drivers/CMSIS/system_stm32f0xx.o
 .debug_macro   0x0001671a      0x202 Drivers/CMSIS/system_stm32f0xx.o
 .debug_macro   0x0001691c       0x4f Drivers/CMSIS/system_stm32f0xx.o
 .debug_macro   0x0001696b       0x90 Drivers/CMSIS/system_stm32f0xx.o
 .debug_macro   0x000169fb       0x4d Drivers/CMSIS/system_stm32f0xx.o
 .debug_macro   0x00016a48      0x16d Drivers/CMSIS/system_stm32f0xx.o
 .debug_macro   0x00016bb5      0x383 Drivers/CMSIS/system_stm32f0xx.o
 .debug_macro   0x00016f38      0x209 Drivers/CMSIS/system_stm32f0xx.o
 .debug_macro   0x00017141      0x129 Drivers/CMSIS/system_stm32f0xx.o
 .debug_macro   0x0001726a      0x2e7 Drivers/STM32F0xx_HAL_Driver/stm32f0xx_hal.o
 .debug_macro   0x00017551      0x2c3 Drivers/STM32F0xx_HAL_Driver/stm32f0xx_hal_cortex.o
 .debug_macro   0x00017814      0x2fc Drivers/STM32F0xx_HAL_Driver/stm32f0xx_hal_gpio.o
 .debug_macro   0x00017b10      0x2d5 Drivers/STM32F0xx_HAL_Driver/stm32f0xx_hal_rcc.o
 .debug_macro   0x00017de5      0x2d2 Drivers/STM32F0xx_HAL_Driver/stm32f0xx_hal_uart.o
 .debug_macro   0x000180b7      0x2c3 Drivers/STM32F0xx_HAL_Driver/stm32f0xx_hal_uart_ex.o
 .debug_macro   0x0001837a      0x2f2 Src/UART.o
 .debug_macro   0x0001866c       0x16 Src/UART.o
 .debug_macro   0x00018682       0x35 Src/UART.o
 .debug_macro   0x000186b7       0x22 Src/UART.o
 .debug_macro   0x000186d9       0x4c Src/UART.o
 .debug_macro   0x00018725      0x2c3 Src/main.o
 .debug_macro   0x000189e8      0x2c3 Src/stm32f0xx_hal_msp.o
 .debug_macro   0x00018cab      0x2cd Src/stm32f0xx_it.o

.debug_str      0x00000000    0x8be49
 .debug_str     0x00000000    0x89ffc Drivers/CMSIS/system_stm32f0xx.o
                              0x8a281 (size before relaxing)
 .debug_str     0x00089ffc      0x47a Drivers/STM32F0xx_HAL_Driver/stm32f0xx_hal.o
                              0x8a71b (size before relaxing)
 .debug_str     0x0008a476      0x23b Drivers/STM32F0xx_HAL_Driver/stm32f0xx_hal_cortex.o
                              0x8a62b (size before relaxing)
 .debug_str     0x0008a6b1      0x313 Drivers/STM32F0xx_HAL_Driver/stm32f0xx_hal_gpio.o
                              0x8a503 (size before relaxing)
 .debug_str     0x0008a9c4      0x373 Drivers/STM32F0xx_HAL_Driver/stm32f0xx_hal_rcc.o
                              0x8a641 (size before relaxing)
 .debug_str     0x0008ad37      0x942 Drivers/STM32F0xx_HAL_Driver/stm32f0xx_hal_uart.o
                              0x8abc8 (size before relaxing)
 .debug_str     0x0008b679      0x1b7 Drivers/STM32F0xx_HAL_Driver/stm32f0xx_hal_uart_ex.o
                              0x8a7d7 (size before relaxing)
 .debug_str     0x0008b830      0x561 Src/UART.o
                              0x8ab88 (size before relaxing)
 .debug_str     0x0008bd91       0x65 Src/main.o
                              0x8aa2c (size before relaxing)
 .debug_str     0x0008bdf6       0x1b Src/stm32f0xx_hal_msp.o
                              0x8a8a4 (size before relaxing)
 .debug_str     0x0008be11       0x38 Src/stm32f0xx_it.o
                              0x8a601 (size before relaxing)

.comment        0x00000000       0x6e
 .comment       0x00000000       0x6e Drivers/CMSIS/system_stm32f0xx.o
                                 0x6f (size before relaxing)
 .comment       0x0000006e       0x6f Drivers/STM32F0xx_HAL_Driver/stm32f0xx_hal.o
 .comment       0x0000006e       0x6f Drivers/STM32F0xx_HAL_Driver/stm32f0xx_hal_cortex.o
 .comment       0x0000006e       0x6f Drivers/STM32F0xx_HAL_Driver/stm32f0xx_hal_gpio.o
 .comment       0x0000006e       0x6f Drivers/STM32F0xx_HAL_Driver/stm32f0xx_hal_rcc.o
 .comment       0x0000006e       0x6f Drivers/STM32F0xx_HAL_Driver/stm32f0xx_hal_uart.o
 .comment       0x0000006e       0x6f Drivers/STM32F0xx_HAL_Driver/stm32f0xx_hal_uart_ex.o
 .comment       0x0000006e       0x6f Src/UART.o
 .comment       0x0000006e       0x6f Src/main.o
 .comment       0x0000006e       0x6f Src/stm32f0xx_hal_msp.o
 .comment       0x0000006e       0x6f Src/stm32f0xx_it.o

.debug_frame    0x00000000     0x1224
 .debug_frame   0x00000000       0x4c Drivers/CMSIS/system_stm32f0xx.o
 .debug_frame   0x0000004c      0x1f4 Drivers/STM32F0xx_HAL_Driver/stm32f0xx_hal.o
 .debug_frame   0x00000240      0x2a4 Drivers/STM32F0xx_HAL_Driver/stm32f0xx_hal_cortex.o
 .debug_frame   0x000004e4      0x110 Drivers/STM32F0xx_HAL_Driver/stm32f0xx_hal_gpio.o
 .debug_frame   0x000005f4      0x194 Drivers/STM32F0xx_HAL_Driver/stm32f0xx_hal_rcc.o
 .debug_frame   0x00000788      0x510 Drivers/STM32F0xx_HAL_Driver/stm32f0xx_hal_uart.o
 .debug_frame   0x00000c98      0x130 Drivers/STM32F0xx_HAL_Driver/stm32f0xx_hal_uart_ex.o
 .debug_frame   0x00000dc8      0x26c Src/UART.o
 .debug_frame   0x00001034       0xa4 Src/main.o
 .debug_frame   0x000010d8       0x70 Src/stm32f0xx_hal_msp.o
 .debug_frame   0x00001148       0x48 Src/stm32f0xx_it.o
 .debug_frame   0x00001190       0x20 c:/ac6/systemworkbench/plugins/fr.ac6.mcu.externaltools.arm-none.win32_1.7.0.201602121829/tools/compiler/bin/../lib/gcc/arm-none-eabi/5.2.1/armv6-m\libgcc.a(_udivsi3.o)
 .debug_frame   0x000011b0       0x20 c:/ac6/systemworkbench/plugins/fr.ac6.mcu.externaltools.arm-none.win32_1.7.0.201602121829/tools/compiler/bin/../lib/gcc/arm-none-eabi/5.2.1/armv6-m\libgcc.a(_divsi3.o)
 .debug_frame   0x000011d0       0x2c c:/ac6/systemworkbench/plugins/fr.ac6.mcu.externaltools.arm-none.win32_1.7.0.201602121829/tools/compiler/bin/../lib/gcc/arm-none-eabi/5.2.1/../../../../arm-none-eabi/lib/armv6-m\libc_nano.a(lib_a-init.o)
 .debug_frame   0x000011fc       0x28 c:/ac6/systemworkbench/plugins/fr.ac6.mcu.externaltools.arm-none.win32_1.7.0.201602121829/tools/compiler/bin/../lib/gcc/arm-none-eabi/5.2.1/../../../../arm-none-eabi/lib/armv6-m\libc_nano.a(lib_a-memcpy-stub.o)
