Archive member included to satisfy reference by file (symbol)

c:/ac6/systemworkbench/plugins/fr.ac6.mcu.externaltools.arm-none.win32_1.7.0.201602121829/tools/compiler/bin/../lib/gcc/arm-none-eabi/5.2.1/armv6-m\libgcc.a(_udivsi3.o)
                              Drivers/CMSIS/system_stm32f0xx.o (__aeabi_uidiv)
c:/ac6/systemworkbench/plugins/fr.ac6.mcu.externaltools.arm-none.win32_1.7.0.201602121829/tools/compiler/bin/../lib/gcc/arm-none-eabi/5.2.1/armv6-m\libgcc.a(_divsi3.o)
                              Src/UART.o (__aeabi_idivmod)
c:/ac6/systemworkbench/plugins/fr.ac6.mcu.externaltools.arm-none.win32_1.7.0.201602121829/tools/compiler/bin/../lib/gcc/arm-none-eabi/5.2.1/armv6-m\libgcc.a(_dvmd_tls.o)
                              c:/ac6/systemworkbench/plugins/fr.ac6.mcu.externaltools.arm-none.win32_1.7.0.201602121829/tools/compiler/bin/../lib/gcc/arm-none-eabi/5.2.1/armv6-m\libgcc.a(_udivsi3.o) (__aeabi_idiv0)
c:/ac6/systemworkbench/plugins/fr.ac6.mcu.externaltools.arm-none.win32_1.7.0.201602121829/tools/compiler/bin/../lib/gcc/arm-none-eabi/5.2.1/../../../../arm-none-eabi/lib/armv6-m\libc_nano.a(lib_a-exit.o)
                              c:/ac6/systemworkbench/plugins/fr.ac6.mcu.externaltools.arm-none.win32_1.7.0.201602121829/tools/compiler/bin/../lib/gcc/arm-none-eabi/5.2.1/../../../../arm-none-eabi/lib/armv6-m/crt0.o (exit)
c:/ac6/systemworkbench/plugins/fr.ac6.mcu.externaltools.arm-none.win32_1.7.0.201602121829/tools/compiler/bin/../lib/gcc/arm-none-eabi/5.2.1/../../../../arm-none-eabi/lib/armv6-m\libc_nano.a(lib_a-impure.o)
                              c:/ac6/systemworkbench/plugins/fr.ac6.mcu.externaltools.arm-none.win32_1.7.0.201602121829/tools/compiler/bin/../lib/gcc/arm-none-eabi/5.2.1/../../../../arm-none-eabi/lib/armv6-m\libc_nano.a(lib_a-exit.o) (_global_impure_ptr)
c:/ac6/systemworkbench/plugins/fr.ac6.mcu.externaltools.arm-none.win32_1.7.0.201602121829/tools/compiler/bin/../lib/gcc/arm-none-eabi/5.2.1/../../../../arm-none-eabi/lib/armv6-m\libc_nano.a(lib_a-init.o)
                              c:/ac6/systemworkbench/plugins/fr.ac6.mcu.externaltools.arm-none.win32_1.7.0.201602121829/tools/compiler/bin/../lib/gcc/arm-none-eabi/5.2.1/../../../../arm-none-eabi/lib/armv6-m/crt0.o (__libc_init_array)
c:/ac6/systemworkbench/plugins/fr.ac6.mcu.externaltools.arm-none.win32_1.7.0.201602121829/tools/compiler/bin/../lib/gcc/arm-none-eabi/5.2.1/../../../../arm-none-eabi/lib/armv6-m\libc_nano.a(lib_a-memcpy-stub.o)
                              Drivers/STM32F0xx_HAL_Driver/stm32f0xx_hal_rcc.o (memcpy)
c:/ac6/systemworkbench/plugins/fr.ac6.mcu.externaltools.arm-none.win32_1.7.0.201602121829/tools/compiler/bin/../lib/gcc/arm-none-eabi/5.2.1/../../../../arm-none-eabi/lib/armv6-m\libc_nano.a(lib_a-memset.o)
                              c:/ac6/systemworkbench/plugins/fr.ac6.mcu.externaltools.arm-none.win32_1.7.0.201602121829/tools/compiler/bin/../lib/gcc/arm-none-eabi/5.2.1/../../../../arm-none-eabi/lib/armv6-m/crt0.o (memset)
c:/ac6/systemworkbench/plugins/fr.ac6.mcu.externaltools.arm-none.win32_1.7.0.201602121829/tools/compiler/bin/../lib/gcc/arm-none-eabi/5.2.1/../../../../arm-none-eabi/lib/armv6-m\libnosys.a(_exit.o)
                              c:/ac6/systemworkbench/plugins/fr.ac6.mcu.externaltools.arm-none.win32_1.7.0.201602121829/tools/compiler/bin/../lib/gcc/arm-none-eabi/5.2.1/../../../../arm-none-eabi/lib/armv6-m\libc_nano.a(lib_a-exit.o) (_exit)

Allocating common symbols
Common symbol       size              file

ISRBuffer_2         0x1               Src/UART.o
loopBackUART4       0x20              Src/UART.o
UART_3_STRUCT       0x14              Src/UART.o
UART_4_RX_BUFFER    0x80              Src/UART.o
UART_2_TX_BUFFER2   0x80              Src/UART.o
huart3              0x70              Src/main.o
UART_4_RX_RING      0x20              Src/UART.o
UART_2_RX_RING      0x20              Src/UART.o
ISRBuffer_1         0x1               Src/UART.o
UART_1_TX_BUFFER2   0x80              Src/UART.o
uwTick              0x4               Drivers/STM32F0xx_HAL_Driver/stm32f0xx_hal.o
pFlash              0x20              Drivers/STM32F0xx_HAL_Driver/stm32f0xx_hal_flash.o
UART_3_TX_DB        0x14              Src/UART.o
loopBackUART1Buffer
                    0x80              Src/UART.o
UART_2_TX_DB        0x14              Src/UART.o
UART_1_STRUCT       0x14              Src/UART.o
UART_3_TX_BUFFER2   0x80              Src/UART.o
UART_1_RX_RING      0x20              Src/UART.o
loopBackUART2Buffer
                    0x80              Src/UART.o
loopBackUART2       0x20              Src/UART.o
huart1              0x70              Src/main.o
numBytes            0x4               Src/UART.o
ISRBuffer_3         0x1               Src/UART.o
loopBackUART4Buffer
                    0x80              Src/UART.o
UART_2_TX_BUFFER1   0x80              Src/UART.o
UART_1_TX_DB        0x14              Src/UART.o
UART_1_TX_BUFFER1   0x80              Src/UART.o
[...]
Memory Configuration

Name             Origin             Length             Attributes
FLASH            0x08000000         0x00020000         xr
RAM              0x20000000         0x00004000         xrw
*default*        0x00000000         0xffffffff

Linker script and memory map

LOAD c:/ac6/systemworkbench/plugins/fr.ac6.mcu.externaltools.arm-none.win32_1.7.0.201602121829/tools/compiler/bin/../lib/gcc/arm-none-eabi/5.2.1/armv6-m/crti.o
LOAD c:/ac6/systemworkbench/plugins/fr.ac6.mcu.externaltools.arm-none.win32_1.7.0.201602121829/tools/compiler/bin/../lib/gcc/arm-none-eabi/5.2.1/armv6-m/crtbegin.o
LOAD c:/ac6/systemworkbench/plugins/fr.ac6.mcu.externaltools.arm-none.win32_1.7.0.201602121829/tools/compiler/bin/../lib/gcc/arm-none-eabi/5.2.1/../../../../arm-none-eabi/lib/armv6-m/crt0.o
LOAD c:/ac6/systemworkbench/plugins/fr.ac6.mcu.externaltools.arm-none.win32_1.7.0.201602121829/tools/compiler/bin/../lib/gcc/arm-none-eabi/5.2.1/../../../../arm-none-eabi/lib/armv6-m\libm.a
LOAD Application/SW4STM32/startup_stm32f072xb.o
LOAD Drivers/CMSIS/system_stm32f0xx.o
LOAD Drivers/STM32F0xx_HAL_Driver/stm32f0xx_hal.o
LOAD Drivers/STM32F0xx_HAL_Driver/stm32f0xx_hal_cortex.o
LOAD Drivers/STM32F0xx_HAL_Driver/stm32f0xx_hal_dma.o
LOAD Drivers/STM32F0xx_HAL_Driver/stm32f0xx_hal_flash.o
LOAD Drivers/STM32F0xx_HAL_Driver/stm32f0xx_hal_flash_ex.o
LOAD Drivers/STM32F0xx_HAL_Driver/stm32f0xx_hal_gpio.o
LOAD Drivers/STM32F0xx_HAL_Driver/stm32f0xx_hal_i2c.o
LOAD Drivers/STM32F0xx_HAL_Driver/stm32f0xx_hal_i2c_ex.o
LOAD Drivers/STM32F0xx_HAL_Driver/stm32f0xx_hal_pwr.o
LOAD Drivers/STM32F0xx_HAL_Driver/stm32f0xx_hal_pwr_ex.o
LOAD Drivers/STM32F0xx_HAL_Driver/stm32f0xx_hal_rcc.o
LOAD Drivers/STM32F0xx_HAL_Driver/stm32f0xx_hal_rcc_ex.o
LOAD Drivers/STM32F0xx_HAL_Driver/stm32f0xx_hal_tim.o
LOAD Drivers/STM32F0xx_HAL_Driver/stm32f0xx_hal_tim_ex.o
LOAD Drivers/STM32F0xx_HAL_Driver/stm32f0xx_hal_uart.o
LOAD Drivers/STM32F0xx_HAL_Driver/stm32f0xx_hal_uart_ex.o
LOAD Src/UART.o
LOAD Src/main.o
LOAD Src/stm32f0xx_hal_msp.o
LOAD Src/stm32f0xx_it.o
START GROUP
LOAD c:/ac6/systemworkbench/plugins/fr.ac6.mcu.externaltools.arm-none.win32_1.7.0.201602121829/tools/compiler/bin/../lib/gcc/arm-none-eabi/5.2.1/armv6-m\libgcc.a
LOAD c:/ac6/systemworkbench/plugins/fr.ac6.mcu.externaltools.arm-none.win32_1.7.0.201602121829/tools/compiler/bin/../lib/gcc/arm-none-eabi/5.2.1/../../../../arm-none-eabi/lib/armv6-m\libc_nano.a
END GROUP
START GROUP
LOAD c:/ac6/systemworkbench/plugins/fr.ac6.mcu.externaltools.arm-none.win32_1.7.0.201602121829/tools/compiler/bin/../lib/gcc/arm-none-eabi/5.2.1/armv6-m\libgcc.a
LOAD c:/ac6/systemworkbench/plugins/fr.ac6.mcu.externaltools.arm-none.win32_1.7.0.201602121829/tools/compiler/bin/../lib/gcc/arm-none-eabi/5.2.1/../../../../arm-none-eabi/lib/armv6-m\libc_nano.a
LOAD c:/ac6/systemworkbench/plugins/fr.ac6.mcu.externaltools.arm-none.win32_1.7.0.201602121829/tools/compiler/bin/../lib/gcc/arm-none-eabi/5.2.1/../../../../arm-none-eabi/lib/armv6-m\libnosys.a
END GROUP
START GROUP
LOAD c:/ac6/systemworkbench/plugins/fr.ac6.mcu.externaltools.arm-none.win32_1.7.0.201602121829/tools/compiler/bin/../lib/gcc/arm-none-eabi/5.2.1/armv6-m\libgcc.a
LOAD c:/ac6/systemworkbench/plugins/fr.ac6.mcu.externaltools.arm-none.win32_1.7.0.201602121829/tools/compiler/bin/../lib/gcc/arm-none-eabi/5.2.1/../../../../arm-none-eabi/lib/armv6-m\libc_nano.a
LOAD c:/ac6/systemworkbench/plugins/fr.ac6.mcu.externaltools.arm-none.win32_1.7.0.201602121829/tools/compiler/bin/../lib/gcc/arm-none-eabi/5.2.1/../../../../arm-none-eabi/lib/armv6-m\libnosys.a
END GROUP
LOAD c:/ac6/systemworkbench/plugins/fr.ac6.mcu.externaltools.arm-none.win32_1.7.0.201602121829/tools/compiler/bin/../lib/gcc/arm-none-eabi/5.2.1/armv6-m/crtend.o
LOAD c:/ac6/systemworkbench/plugins/fr.ac6.mcu.externaltools.arm-none.win32_1.7.0.201602121829/tools/compiler/bin/../lib/gcc/arm-none-eabi/5.2.1/armv6-m/crtn.o
                0x20004000                _estack = 0x20004000
                0x00000200                _Min_Heap_Size = 0x200
                0x00000400                _Min_Stack_Size = 0x400

.isr_vector     0x08000000       0xc0
                0x08000000                . = ALIGN (0x4)
 *(.isr_vector)
 .isr_vector    0x08000000       0xc0 Application/SW4STM32/startup_stm32f072xb.o
                0x08000000                g_pfnVectors
                0x080000c0                . = ALIGN (0x4)

.text           0x080000c0     0x3668
                0x080000c0                . = ALIGN (0x4)
 *(.text)
 .text          0x080000c0       0xb4 c:/ac6/systemworkbench/plugins/fr.ac6.mcu.externaltools.arm-none.win32_1.7.0.201602121829/tools/compiler/bin/../lib/gcc/arm-none-eabi/5.2.1/armv6-m/crtbegin.o
 .text          0x08000174      0x114 c:/ac6/systemworkbench/plugins/fr.ac6.mcu.externaltools.arm-none.win32_1.7.0.201602121829/tools/compiler/bin/../lib/gcc/arm-none-eabi/5.2.1/armv6-m\libgcc.a(_udivsi3.o)
                0x08000174                __aeabi_uidiv
                0x08000174                __udivsi3
                0x08000280                __aeabi_uidivmod
 .text          0x08000288      0x1d4 c:/ac6/systemworkbench/plugins/fr.ac6.mcu.externaltools.arm-none.win32_1.7.0.201602121829/tools/compiler/bin/../lib/gcc/arm-none-eabi/5.2.1/armv6-m\libgcc.a(_divsi3.o)
                0x08000288                __divsi3
                0x08000288                __aeabi_idiv
                0x08000454                __aeabi_idivmod
 .text          0x0800045c        0x4 c:/ac6/systemworkbench/plugins/fr.ac6.mcu.externaltools.arm-none.win32_1.7.0.201602121829/tools/compiler/bin/../lib/gcc/arm-none-eabi/5.2.1/armv6-m\libgcc.a(_dvmd_tls.o)
                0x0800045c                __aeabi_idiv0
                0x0800045c                __aeabi_ldiv0
 *(.text*)
 .text.Reset_Handler
                0x08000460       0x50 Application/SW4STM32/startup_stm32f072xb.o
                0x08000460                Reset_Handler
 .text.Default_Handler
                0x080004b0        0x2 Application/SW4STM32/startup_stm32f072xb.o
                0x080004b0                TIM1_CC_IRQHandler
                0x080004b0                TSC_IRQHandler
                0x080004b0                HardFault_Handler
                0x080004b0                ADC1_COMP_IRQHandler
                0x080004b0                PendSV_Handler
                0x080004b0                NMI_Handler
                0x080004b0                I2C1_IRQHandler
                0x080004b0                RCC_CRS_IRQHandler
                0x080004b0                SPI1_IRQHandler
                0x080004b0                TIM6_DAC_IRQHandler
                0x080004b0                EXTI2_3_IRQHandler
                0x080004b0                I2C2_IRQHandler
                0x080004b0                TIM17_IRQHandler
                0x080004b0                CEC_CAN_IRQHandler
                0x080004b0                RTC_IRQHandler
                0x080004b0                PVD_VDDIO2_IRQHandler
                0x080004b0                DMA1_Channel4_5_6_7_IRQHandler
                0x080004b0                TIM16_IRQHandler
                0x080004b0                TIM3_IRQHandler
                0x080004b0                EXTI4_15_IRQHandler
                0x080004b0                DMA1_Channel1_IRQHandler
                0x080004b0                Default_Handler
                0x080004b0                TIM14_IRQHandler
                0x080004b0                TIM7_IRQHandler
                0x080004b0                TIM15_IRQHandler
                0x080004b0                EXTI0_1_IRQHandler
                0x080004b0                USB_IRQHandler
                0x080004b0                SPI2_IRQHandler
                0x080004b0                SVC_Handler
                0x080004b0                WWDG_IRQHandler
                0x080004b0                TIM2_IRQHandler
                0x080004b0                DMA1_Channel2_3_IRQHandler
                0x080004b0                FLASH_IRQHandler
                0x080004b0                TIM1_BRK_UP_TRG_COM_IRQHandler
 *fill*         0x080004b2        0x2 
 .text.SystemInit
                0x080004b4       0x88 Drivers/CMSIS/system_stm32f0xx.o
                0x080004b4                SystemInit
 .text.HAL_Init
                0x0800053c       0x28 Drivers/STM32F0xx_HAL_Driver/stm32f0xx_hal.o
                0x0800053c                HAL_Init
 .text.HAL_InitTick
                0x08000564       0x38 Drivers/STM32F0xx_HAL_Driver/stm32f0xx_hal.o
                0x08000564                HAL_InitTick
 .text.HAL_IncTick
                0x0800059c       0x18 Drivers/STM32F0xx_HAL_Driver/stm32f0xx_hal.o
                0x0800059c                HAL_IncTick
 .text.HAL_GetTick
                0x080005b4       0x14 Drivers/STM32F0xx_HAL_Driver/stm32f0xx_hal.o
                0x080005b4                HAL_GetTick
 .text.NVIC_EnableIRQ
                0x080005c8       0x2c Drivers/STM32F0xx_HAL_Driver/stm32f0xx_hal_cortex.o
 .text.NVIC_SetPriority
                0x080005f4       0xdc Drivers/STM32F0xx_HAL_Driver/stm32f0xx_hal_cortex.o
 .text.SysTick_Config
                0x080006d0       0x48 Drivers/STM32F0xx_HAL_Driver/stm32f0xx_hal_cortex.o
 .text.HAL_NVIC_SetPriority
                0x08000718       0x2c Drivers/STM32F0xx_HAL_Driver/stm32f0xx_hal_cortex.o
                0x08000718                HAL_NVIC_SetPriority
 .text.HAL_NVIC_EnableIRQ
                0x08000744       0x20 Drivers/STM32F0xx_HAL_Driver/stm32f0xx_hal_cortex.o
                0x08000744                HAL_NVIC_EnableIRQ
 .text.HAL_SYSTICK_Config
                0x08000764       0x1c Drivers/STM32F0xx_HAL_Driver/stm32f0xx_hal_cortex.o
                0x08000764                HAL_SYSTICK_Config
 .text.HAL_SYSTICK_CLKSourceConfig
                0x08000780       0x34 Drivers/STM32F0xx_HAL_Driver/stm32f0xx_hal_cortex.o
                0x08000780                HAL_SYSTICK_CLKSourceConfig
 .text.HAL_SYSTICK_IRQHandler
                0x080007b4       0x10 Drivers/STM32F0xx_HAL_Driver/stm32f0xx_hal_cortex.o
                0x080007b4                HAL_SYSTICK_IRQHandler
 .text.HAL_SYSTICK_Callback
                0x080007c4        0xc Drivers/STM32F0xx_HAL_Driver/stm32f0xx_hal_cortex.o
                0x080007c4                HAL_SYSTICK_Callback
 .text.HAL_GPIO_Init
                0x080007d0      0x2f8 Drivers/STM32F0xx_HAL_Driver/stm32f0xx_hal_gpio.o
                0x080007d0                HAL_GPIO_Init
 .text.HAL_GPIO_WritePin
                0x08000ac8       0x3c Drivers/STM32F0xx_HAL_Driver/stm32f0xx_hal_gpio.o
                0x08000ac8                HAL_GPIO_WritePin
 .text.HAL_RCC_OscConfig
                0x08000b04      0x6bc Drivers/STM32F0xx_HAL_Driver/stm32f0xx_hal_rcc.o
                0x08000b04                HAL_RCC_OscConfig
 .text.HAL_RCC_ClockConfig
                0x080011c0      0x210 Drivers/STM32F0xx_HAL_Driver/stm32f0xx_hal_rcc.o
                0x080011c0                HAL_RCC_ClockConfig
 .text.HAL_RCC_GetSysClockFreq
                0x080013d0      0x104 Drivers/STM32F0xx_HAL_Driver/stm32f0xx_hal_rcc.o
                0x080013d0                HAL_RCC_GetSysClockFreq
 .text.HAL_RCC_GetHCLKFreq
                0x080014d4       0x14 Drivers/STM32F0xx_HAL_Driver/stm32f0xx_hal_rcc.o
                0x080014d4                HAL_RCC_GetHCLKFreq
 .text.HAL_RCC_GetPCLK1Freq
                0x080014e8       0x2c Drivers/STM32F0xx_HAL_Driver/stm32f0xx_hal_rcc.o
                0x080014e8                HAL_RCC_GetPCLK1Freq
 .text.HAL_RCCEx_PeriphCLKConfig
                0x08001514      0x1fc Drivers/STM32F0xx_HAL_Driver/stm32f0xx_hal_rcc_ex.o
                0x08001514                HAL_RCCEx_PeriphCLKConfig
 .text.HAL_UART_Init
                0x08001710       0xb0 Drivers/STM32F0xx_HAL_Driver/stm32f0xx_hal_uart.o
                0x08001710                HAL_UART_Init
 .text.HAL_UART_Transmit_IT
                0x080017c0       0xb0 Drivers/STM32F0xx_HAL_Driver/stm32f0xx_hal_uart.o
                0x080017c0                HAL_UART_Transmit_IT
 .text.HAL_UART_Receive_IT
                0x08001870      0x14c Drivers/STM32F0xx_HAL_Driver/stm32f0xx_hal_uart.o
                0x08001870                HAL_UART_Receive_IT
 .text.HAL_UART_IRQHandler
                0x080019bc      0x180 Drivers/STM32F0xx_HAL_Driver/stm32f0xx_hal_uart.o
                0x080019bc                HAL_UART_IRQHandler
 .text.HAL_UART_GetState
                0x08001b3c       0x38 Drivers/STM32F0xx_HAL_Driver/stm32f0xx_hal_uart.o
                0x08001b3c                HAL_UART_GetState
 .text.UART_SetConfig
                0x08001b74      0x384 Drivers/STM32F0xx_HAL_Driver/stm32f0xx_hal_uart.o
                0x08001b74                UART_SetConfig
 .text.UART_AdvFeatureConfig
                0x08001ef8      0x158 Drivers/STM32F0xx_HAL_Driver/stm32f0xx_hal_uart.o
                0x08001ef8                UART_AdvFeatureConfig
 .text.UART_CheckIdleState
                0x08002050       0x98 Drivers/STM32F0xx_HAL_Driver/stm32f0xx_hal_uart.o
                0x08002050                UART_CheckIdleState
 .text.UART_WaitOnFlagUntilTimeout
                0x080020e8      0x144 Drivers/STM32F0xx_HAL_Driver/stm32f0xx_hal_uart.o
                0x080020e8                UART_WaitOnFlagUntilTimeout
 .text.UART_Transmit_IT
                0x0800222c       0xac Drivers/STM32F0xx_HAL_Driver/stm32f0xx_hal_uart.o
                0x0800222c                UART_Transmit_IT
 .text.UART_EndTransmit_IT
                0x080022d8       0x34 Drivers/STM32F0xx_HAL_Driver/stm32f0xx_hal_uart.o
                0x080022d8                UART_EndTransmit_IT
 .text.UART_Receive_IT
                0x0800230c      0x100 Drivers/STM32F0xx_HAL_Driver/stm32f0xx_hal_uart.o
                0x0800230c                UART_Receive_IT
 .text.HAL_UARTEx_WakeupCallback
                0x0800240c       0x10 Drivers/STM32F0xx_HAL_Driver/stm32f0xx_hal_uart_ex.o
                0x0800240c                HAL_UARTEx_WakeupCallback
 .text.UARTInit
                0x0800241c      0x29c Src/UART.o
                0x0800241c                UARTInit
 .text.UARTLoopDemo
                0x080026b8      0x214 Src/UART.o
                0x080026b8                UARTLoopDemo
 .text.UARTSetup
                0x080028cc       0x3c Src/UART.o
                0x080028cc                UARTSetup
 .text.UARTWriteBuffer
                0x08002908       0x68 Src/UART.o
                0x08002908                UARTWriteBuffer
 .text.UARTTXCallBackHandler
                0x08002970       0x54 Src/UART.o
                0x08002970                UARTTXCallBackHandler
 .text.UARTAvailabe
                0x080029c4       0x1c Src/UART.o
                0x080029c4                UARTAvailabe
 .text.UARTGetBuffer
                0x080029e0       0x24 Src/UART.o
                0x080029e0                UARTGetBuffer
 .text.UARTRXCallBackHandler
                0x08002a04       0xe4 Src/UART.o
                0x08002a04                UARTRXCallBackHandler
 .text.HAL_UART_RxCpltCallback
                0x08002ae8       0x80 Src/UART.o
                0x08002ae8                HAL_UART_RxCpltCallback
 .text.HAL_UART_TxCpltCallback
                0x08002b68       0x80 Src/UART.o
                0x08002b68                HAL_UART_TxCpltCallback
 .text.HAL_UART_ErrorCallback
                0x08002be8       0x10 Src/UART.o
                0x08002be8                HAL_UART_ErrorCallback
 .text.DoubleBufferCreate
                0x08002bf8       0x44 Src/UART.o
                0x08002bf8                DoubleBufferCreate
 .text.DoubleBufferWrite
                0x08002c3c       0x84 Src/UART.o
                0x08002c3c                DoubleBufferWrite
 .text.DoubleBufferSwap
                0x08002cc0       0x48 Src/UART.o
                0x08002cc0                DoubleBufferSwap
 .text.RingBufferAvailable
                0x08002d08       0x38 Src/UART.o
                0x08002d08                RingBufferAvailable
 .text.RingBufferCreate
                0x08002d40       0x30 Src/UART.o
                0x08002d40                RingBufferCreate
 .text.RingBufferWriteByte
                0x08002d70       0x68 Src/UART.o
                0x08002d70                RingBufferWriteByte
 .text.RingBufferWrite
                0x08002dd8      0x118 Src/UART.o
                0x08002dd8                RingBufferWrite
 .text.RingBufferRead
                0x08002ef0      0x140 Src/UART.o
                0x08002ef0                RingBufferRead
 .text.main     0x08003030       0x2c Src/main.o
                0x08003030                main
 .text.SystemClock_Config
                0x0800305c       0xe0 Src/main.o
                0x0800305c                SystemClock_Config
 .text.MX_USART1_UART_Init
                0x0800313c       0x60 Src/main.o
 .text.MX_USART2_UART_Init
                0x0800319c       0x60 Src/main.o
 .text.MX_USART3_UART_Init
                0x080031fc       0x60 Src/main.o
 .text.MX_USART4_UART_Init
                0x0800325c       0x60 Src/main.o
 .text.MX_GPIO_Init
                0x080032bc      0x148 Src/main.o
 .text.Error_Handler
                0x08003404        0x8 Src/main.o
                0x08003404                Error_Handler
 .text.HAL_MspInit
                0x0800340c       0x54 Src/stm32f0xx_hal_msp.o
                0x0800340c                HAL_MspInit
 .text.HAL_UART_MspInit
                0x08003460      0x1e8 Src/stm32f0xx_hal_msp.o
                0x08003460                HAL_UART_MspInit
 .text.SysTick_Handler
                0x08003648       0x14 Src/stm32f0xx_it.o
                0x08003648                SysTick_Handler
 .text.USART1_IRQHandler
                0x0800365c       0x18 Src/stm32f0xx_it.o
                0x0800365c                USART1_IRQHandler
 .text.USART2_IRQHandler
                0x08003674       0x18 Src/stm32f0xx_it.o
                0x08003674                USART2_IRQHandler
 .text.USART3_4_IRQHandler
                0x0800368c       0x24 Src/stm32f0xx_it.o
                0x0800368c                USART3_4_IRQHandler
 .text.__libc_init_array
                0x080036b0       0x4c c:/ac6/systemworkbench/plugins/fr.ac6.mcu.externaltools.arm-none.win32_1.7.0.201602121829/tools/compiler/bin/../lib/gcc/arm-none-eabi/5.2.1/../../../../arm-none-eabi/lib/armv6-m\libc_nano.a(lib_a-init.o)
                0x080036b0                __libc_init_array
 .text.memcpy   0x080036fc       0x12 c:/ac6/systemworkbench/plugins/fr.ac6.mcu.externaltools.arm-none.win32_1.7.0.201602121829/tools/compiler/bin/../lib/gcc/arm-none-eabi/5.2.1/../../../../arm-none-eabi/lib/armv6-m\libc_nano.a(lib_a-memcpy-stub.o)
                0x080036fc                memcpy
 *(.glue_7)
 .glue_7        0x0800370e        0x0 linker stubs
 *(.glue_7t)
 .glue_7t       0x0800370e        0x0 linker stubs
 *(.eh_frame)
 *fill*         0x0800370e        0x2 
 .eh_frame      0x08003710        0x0 c:/ac6/systemworkbench/plugins/fr.ac6.mcu.externaltools.arm-none.win32_1.7.0.201602121829/tools/compiler/bin/../lib/gcc/arm-none-eabi/5.2.1/armv6-m/crtbegin.o
 *(.init)
 .init          0x08003710        0x4 c:/ac6/systemworkbench/plugins/fr.ac6.mcu.externaltools.arm-none.win32_1.7.0.201602121829/tools/compiler/bin/../lib/gcc/arm-none-eabi/5.2.1/armv6-m/crti.o
                0x08003710                _init
 .init          0x08003714        0x8 c:/ac6/systemworkbench/plugins/fr.ac6.mcu.externaltools.arm-none.win32_1.7.0.201602121829/tools/compiler/bin/../lib/gcc/arm-none-eabi/5.2.1/armv6-m/crtn.o
 *(.fini)
 .fini          0x0800371c        0x4 c:/ac6/systemworkbench/plugins/fr.ac6.mcu.externaltools.arm-none.win32_1.7.0.201602121829/tools/compiler/bin/../lib/gcc/arm-none-eabi/5.2.1/armv6-m/crti.o
                0x0800371c                _fini
 .fini          0x08003720        0x8 c:/ac6/systemworkbench/plugins/fr.ac6.mcu.externaltools.arm-none.win32_1.7.0.201602121829/tools/compiler/bin/../lib/gcc/arm-none-eabi/5.2.1/armv6-m/crtn.o
                0x08003728                . = ALIGN (0x4)
                0x08003728                _etext = .

.vfp11_veneer   0x08003728        0x0
 .vfp11_veneer  0x08003728        0x0 linker stubs

.v4_bx          0x08003728        0x0
 .v4_bx         0x08003728        0x0 linker stubs

.iplt           0x08003728        0x0
 .iplt          0x08003728        0x0 c:/ac6/systemworkbench/plugins/fr.ac6.mcu.externaltools.arm-none.win32_1.7.0.201602121829/tools/compiler/bin/../lib/gcc/arm-none-eabi/5.2.1/armv6-m/crtbegin.o

.rodata         0x08003728       0x38
                0x08003728                . = ALIGN (0x4)
 *(.rodata)
 .rodata        0x08003728       0x18 Drivers/CMSIS/system_stm32f0xx.o
                0x08003728                AHBPrescTable
                0x08003738                APBPrescTable
 .rodata        0x08003740       0x20 Drivers/STM32F0xx_HAL_Driver/stm32f0xx_hal_rcc.o
 *(.rodata*)
                0x08003760                . = ALIGN (0x4)

.rel.dyn        0x08003760        0x0
 .rel.iplt      0x08003760        0x0 c:/ac6/systemworkbench/plugins/fr.ac6.mcu.externaltools.arm-none.win32_1.7.0.201602121829/tools/compiler/bin/../lib/gcc/arm-none-eabi/5.2.1/armv6-m/crtbegin.o

.ARM.extab
 *(.ARM.extab* .gnu.linkonce.armextab.*)

.ARM            0x08003760        0x0
                0x08003760                __exidx_start = .
 *(.ARM.exidx*)
                0x08003760                __exidx_end = .

.preinit_array  0x08003760        0x0
                0x08003760                PROVIDE (__preinit_array_start, .)
 *(.preinit_array*)
                0x08003760                PROVIDE (__preinit_array_end, .)

.init_array     0x08003760        0x4
                0x08003760                PROVIDE (__init_array_start, .)
 *(SORT(.init_array.*))
 *(.init_array*)
 .init_array    0x08003760        0x4 c:/ac6/systemworkbench/plugins/fr.ac6.mcu.externaltools.arm-none.win32_1.7.0.201602121829/tools/compiler/bin/../lib/gcc/arm-none-eabi/5.2.1/armv6-m/crtbegin.o
                0x08003764                PROVIDE (__init_array_end, .)

.fini_array     0x08003764        0x4
                [!provide]                PROVIDE (__fini_array_start, .)
 *(SORT(.fini_array.*))
 *(.fini_array*)
 .fini_array    0x08003764        0x4 c:/ac6/systemworkbench/plugins/fr.ac6.mcu.externaltools.arm-none.win32_1.7.0.201602121829/tools/compiler/bin/../lib/gcc/arm-none-eabi/5.2.1/armv6-m/crtbegin.o
                [!provide]                PROVIDE (__fini_array_end, .)
                0x08003768                _sidata = LOADADDR (.data)

.data           0x20000000       0xa4 load address 0x08003768
                0x20000000                . = ALIGN (0x4)
                0x20000000                _sdata = .
 *(.data)
 .data          0x20000000        0x4 Drivers/CMSIS/system_stm32f0xx.o
                0x20000000                SystemCoreClock
 .data          0x20000004       0xa0 Src/UART.o
                0x20000004                testMessage0
                0x20000024                testMessage1
                0x20000044                testMessage2
                0x20000064                testMessage3
                0x20000084                testMessage4
 *(.data*)
                0x200000a4                . = ALIGN (0x4)
                0x200000a4                _edata = .

.jcr            0x200000a4        0x0 load address 0x0800380c
 .jcr           0x200000a4        0x0 c:/ac6/systemworkbench/plugins/fr.ac6.mcu.externaltools.arm-none.win32_1.7.0.201602121829/tools/compiler/bin/../lib/gcc/arm-none-eabi/5.2.1/armv6-m/crtbegin.o

.tm_clone_table
                0x200000a4        0x0 load address 0x0800380c
 .tm_clone_table
                0x200000a4        0x0 c:/ac6/systemworkbench/plugins/fr.ac6.mcu.externaltools.arm-none.win32_1.7.0.201602121829/tools/compiler/bin/../lib/gcc/arm-none-eabi/5.2.1/armv6-m/crtbegin.o
 .tm_clone_table
                0x200000a4        0x0 c:/ac6/systemworkbench/plugins/fr.ac6.mcu.externaltools.arm-none.win32_1.7.0.201602121829/tools/compiler/bin/../lib/gcc/arm-none-eabi/5.2.1/armv6-m/crtend.o

.igot.plt       0x200000a4        0x0 load address 0x0800380c
 .igot.plt      0x200000a4        0x0 c:/ac6/systemworkbench/plugins/fr.ac6.mcu.externaltools.arm-none.win32_1.7.0.201602121829/tools/compiler/bin/../lib/gcc/arm-none-eabi/5.2.1/armv6-m/crtbegin.o
                0x200000a4                . = ALIGN (0x4)

.bss            0x200000a4      0xc14 load address 0x0800380c
                0x200000a4                _sbss = .
                0x200000a4                __bss_start__ = _sbss
 *(.bss)
 .bss           0x200000a4       0x1c c:/ac6/systemworkbench/plugins/fr.ac6.mcu.externaltools.arm-none.win32_1.7.0.201602121829/tools/compiler/bin/../lib/gcc/arm-none-eabi/5.2.1/armv6-m/crtbegin.o
 *(.bss*)
 *(COMMON)
 COMMON         0x200000c0        0x4 Drivers/STM32F0xx_HAL_Driver/stm32f0xx_hal.o
                0x200000c0                uwTick
 COMMON         0x200000c4      0xa34 Src/UART.o
                0x200000c4                ISRBuffer_2
                0x200000c8                loopBackUART4
                0x200000e8                UART_3_STRUCT
                0x200000fc                UART_4_RX_BUFFER
                0x2000017c                UART_2_TX_BUFFER2
                0x200001fc                UART_4_RX_RING
                0x2000021c                UART_2_RX_RING
                0x2000023c                ISRBuffer_1
                0x20000240                UART_1_TX_BUFFER2
                0x200002c0                UART_3_TX_DB
                0x200002d4                loopBackUART1Buffer
                0x20000354                UART_2_TX_DB
                0x20000368                UART_1_STRUCT
                0x2000037c                UART_3_TX_BUFFER2
                0x200003fc                UART_1_RX_RING
                0x2000041c                loopBackUART2Buffer
                0x2000049c                loopBackUART2
                0x200004bc                numBytes
                0x200004c0                ISRBuffer_3
                0x200004c4                loopBackUART4Buffer
                0x20000544                UART_2_TX_BUFFER1
                0x200005c4                UART_1_TX_DB
                0x200005d8                UART_1_TX_BUFFER1
                0x20000658                UART_3_RX_RING
                0x20000678                loopBackUART3Buffer
                0x200006f8                UART_1_RX_BUFFER
                0x20000778                UART_2_RX_BUFFER
                0x200007f8                UART_2_STRUCT
                0x2000080c                loopBackUART3
                0x2000082c                UART_4_TX_BUFFER1
                0x200008ac                ISRBuffer_4
                0x200008b0                UART_3_TX_BUFFER1
                0x20000930                loopBackBuffer
                0x200009b0                UART_4_TX_DB
                0x200009c4                UART_4_STRUCT
                0x200009d8                UART_3_RX_BUFFER
                0x20000a58                UART_4_TX_BUFFER2
                0x20000ad8                loopBackUART1
 COMMON         0x20000af8      0x1c0 Src/main.o
                0x20000af8                huart3
                0x20000b68                huart1
                0x20000bd8                huart4
                0x20000c48                huart2
                0x20000cb8                . = ALIGN (0x4)
                0x20000cb8                _ebss = .
                0x20000cb8                __bss_end__ = _ebss

._user_heap_stack
                0x20000cb8      0x600 load address 0x0800380c
                0x20000cb8                . = ALIGN (0x8)
                [!provide]                PROVIDE (end, .)
                [!provide]                PROVIDE (_end, .)
                0x20000eb8                . = (. + _Min_Heap_Size)
 *fill*         0x20000cb8      0x200 
                0x200012b8                . = (. + _Min_Stack_Size)
 *fill*         0x20000eb8      0x400 
                0x200012b8                . = ALIGN (0x8)

/DISCARD/
 libc.a(*)
 libm.a(*)
 libgcc.a(*)

.ARM.attributes
                0x00000000       0x28
 *(.ARM.attributes)
 .ARM.attributes
                0x00000000       0x1e c:/ac6/systemworkbench/plugins/fr.ac6.mcu.externaltools.arm-none.win32_1.7.0.201602121829/tools/compiler/bin/../lib/gcc/arm-none-eabi/5.2.1/armv6-m/crti.o
 .ARM.attributes
                0x0000001e       0x2c c:/ac6/systemworkbench/plugins/fr.ac6.mcu.externaltools.arm-none.win32_1.7.0.201602121829/tools/compiler/bin/../lib/gcc/arm-none-eabi/5.2.1/armv6-m/crtbegin.o
 .ARM.attributes
                0x0000004a       0x21 Application/SW4STM32/startup_stm32f072xb.o
 .ARM.attributes
                0x0000006b       0x31 Drivers/CMSIS/system_stm32f0xx.o
 .ARM.attributes
                0x0000009c       0x31 Drivers/STM32F0xx_HAL_Driver/stm32f0xx_hal.o
 .ARM.attributes
                0x000000cd       0x31 Drivers/STM32F0xx_HAL_Driver/stm32f0xx_hal_cortex.o
 .ARM.attributes
                0x000000fe       0x31 Drivers/STM32F0xx_HAL_Driver/stm32f0xx_hal_gpio.o
 .ARM.attributes
                0x0000012f       0x31 Drivers/STM32F0xx_HAL_Driver/stm32f0xx_hal_rcc.o
 .ARM.attributes
                0x00000160       0x31 Drivers/STM32F0xx_HAL_Driver/stm32f0xx_hal_rcc_ex.o
 .ARM.attributes
                0x00000191       0x31 Drivers/STM32F0xx_HAL_Driver/stm32f0xx_hal_uart.o
 .ARM.attributes
                0x000001c2       0x31 Drivers/STM32F0xx_HAL_Driver/stm32f0xx_hal_uart_ex.o
 .ARM.attributes
                0x000001f3       0x31 Src/UART.o
 .ARM.attributes
                0x00000224       0x31 Src/main.o
 .ARM.attributes
                0x00000255       0x31 Src/stm32f0xx_hal_msp.o
 .ARM.attributes
                0x00000286       0x31 Src/stm32f0xx_it.o
 .ARM.attributes
                0x000002b7       0x1e c:/ac6/systemworkbench/plugins/fr.ac6.mcu.externaltools.arm-none.win32_1.7.0.201602121829/tools/compiler/bin/../lib/gcc/arm-none-eabi/5.2.1/armv6-m\libgcc.a(_udivsi3.o)
 .ARM.attributes
                0x000002d5       0x1e c:/ac6/systemworkbench/plugins/fr.ac6.mcu.externaltools.arm-none.win32_1.7.0.201602121829/tools/compiler/bin/../lib/gcc/arm-none-eabi/5.2.1/armv6-m\libgcc.a(_divsi3.o)
 .ARM.attributes
                0x000002f3       0x1e c:/ac6/systemworkbench/plugins/fr.ac6.mcu.externaltools.arm-none.win32_1.7.0.201602121829/tools/compiler/bin/../lib/gcc/arm-none-eabi/5.2.1/armv6-m\libgcc.a(_dvmd_tls.o)
 .ARM.attributes
                0x00000311       0x2c c:/ac6/systemworkbench/plugins/fr.ac6.mcu.externaltools.arm-none.win32_1.7.0.201602121829/tools/compiler/bin/../lib/gcc/arm-none-eabi/5.2.1/../../../../arm-none-eabi/lib/armv6-m\libc_nano.a(lib_a-init.o)
 .ARM.attributes
                0x0000033d       0x2c c:/ac6/systemworkbench/plugins/fr.ac6.mcu.externaltools.arm-none.win32_1.7.0.201602121829/tools/compiler/bin/../lib/gcc/arm-none-eabi/5.2.1/../../../../arm-none-eabi/lib/armv6-m\libc_nano.a(lib_a-memcpy-stub.o)
 .ARM.attributes
                0x00000369       0x2c c:/ac6/systemworkbench/plugins/fr.ac6.mcu.externaltools.arm-none.win32_1.7.0.201602121829/tools/compiler/bin/../lib/gcc/arm-none-eabi/5.2.1/armv6-m/crtend.o
 .ARM.attributes
                0x00000395       0x1e c:/ac6/systemworkbench/plugins/fr.ac6.mcu.externaltools.arm-none.win32_1.7.0.201602121829/tools/compiler/bin/../lib/gcc/arm-none-eabi/5.2.1/armv6-m/crtn.o
OUTPUT(HAL_UART_IT_F0.elf elf32-littlearm)

.debug_line     0x00000000     0x7592
 .debug_line    0x00000000       0xe9 Application/SW4STM32/startup_stm32f072xb.o
 .debug_line    0x000000e9      0x845 Drivers/CMSIS/system_stm32f0xx.o
 .debug_line    0x0000092e      0x929 Drivers/STM32F0xx_HAL_Driver/stm32f0xx_hal.o
 .debug_line    0x00001257      0x9b3 Drivers/STM32F0xx_HAL_Driver/stm32f0xx_hal_cortex.o
 .debug_line    0x00001c0a      0x97c Drivers/STM32F0xx_HAL_Driver/stm32f0xx_hal_gpio.o
 .debug_line    0x00002586      0xa74 Drivers/STM32F0xx_HAL_Driver/stm32f0xx_hal_rcc.o
 .debug_line    0x00002ffa      0xa31 Drivers/STM32F0xx_HAL_Driver/stm32f0xx_hal_rcc_ex.o
 .debug_line    0x00003a2b      0xf9b Drivers/STM32F0xx_HAL_Driver/stm32f0xx_hal_uart.o
 .debug_line    0x000049c6      0x955 Drivers/STM32F0xx_HAL_Driver/stm32f0xx_hal_uart_ex.o
 .debug_line    0x0000531b      0x9e2 Src/UART.o
 .debug_line    0x00005cfd      0x888 Src/main.o
 .debug_line    0x00006585      0x823 Src/stm32f0xx_hal_msp.o
 .debug_line    0x00006da8      0x7ea Src/stm32f0xx_it.o

.debug_info     0x00000000     0x636a
 .debug_info    0x00000000       0xe5 Application/SW4STM32/startup_stm32f072xb.o
 .debug_info    0x000000e5      0x242 Drivers/CMSIS/system_stm32f0xx.o
 .debug_info    0x00000327      0x536 Drivers/STM32F0xx_HAL_Driver/stm32f0xx_hal.o
 .debug_info    0x0000085d      0x6df Drivers/STM32F0xx_HAL_Driver/stm32f0xx_hal_cortex.o
 .debug_info    0x00000f3c      0x5e1 Drivers/STM32F0xx_HAL_Driver/stm32f0xx_hal_gpio.o
 .debug_info    0x0000151d      0x7a6 Drivers/STM32F0xx_HAL_Driver/stm32f0xx_hal_rcc.o
 .debug_info    0x00001cc3      0x5de Drivers/STM32F0xx_HAL_Driver/stm32f0xx_hal_rcc_ex.o
 .debug_info    0x000022a1      0xf99 Drivers/STM32F0xx_HAL_Driver/stm32f0xx_hal_uart.o
 .debug_info    0x0000323a      0x800 Drivers/STM32F0xx_HAL_Driver/stm32f0xx_hal_uart_ex.o
 .debug_info    0x00003a3a      0xe69 Src/UART.o
 .debug_info    0x000048a3      0xb9e Src/main.o
 .debug_info    0x00005441      0x92f Src/stm32f0xx_hal_msp.o
 .debug_info    0x00005d70      0x5fa Src/stm32f0xx_it.o

.debug_abbrev   0x00000000     0x1348
 .debug_abbrev  0x00000000       0x12 Application/SW4STM32/startup_stm32f072xb.o
 .debug_abbrev  0x00000012       0xf3 Drivers/CMSIS/system_stm32f0xx.o
 .debug_abbrev  0x00000105      0x179 Drivers/STM32F0xx_HAL_Driver/stm32f0xx_hal.o
 .debug_abbrev  0x0000027e      0x234 Drivers/STM32F0xx_HAL_Driver/stm32f0xx_hal_cortex.o
 .debug_abbrev  0x000004b2      0x1b6 Drivers/STM32F0xx_HAL_Driver/stm32f0xx_hal_gpio.o
 .debug_abbrev  0x00000668      0x1eb Drivers/STM32F0xx_HAL_Driver/stm32f0xx_hal_rcc.o
 .debug_abbrev  0x00000853      0x184 Drivers/STM32F0xx_HAL_Driver/stm32f0xx_hal_rcc_ex.o
 .debug_abbrev  0x000009d7      0x1b0 Drivers/STM32F0xx_HAL_Driver/stm32f0xx_hal_uart.o
 .debug_abbrev  0x00000b87      0x1a5 Drivers/STM32F0xx_HAL_Driver/stm32f0xx_hal_uart_ex.o
 .debug_abbrev  0x00000d2c      0x1bf Src/UART.o
 .debug_abbrev  0x00000eeb      0x1ee Src/main.o
 .debug_abbrev  0x000010d9      0x16a Src/stm32f0xx_hal_msp.o
 .debug_abbrev  0x00001243      0x105 Src/stm32f0xx_it.o

.debug_aranges  0x00000000      0x628
 .debug_aranges
                0x00000000       0x28 Application/SW4STM32/startup_stm32f072xb.o
 .debug_aranges
                0x00000028       0x28 Drivers/CMSIS/system_stm32f0xx.o
 .debug_aranges
                0x00000050       0xa0 Drivers/STM32F0xx_HAL_Driver/stm32f0xx_hal.o
 .debug_aranges
                0x000000f0       0xc0 Drivers/STM32F0xx_HAL_Driver/stm32f0xx_hal_cortex.o
 .debug_aranges
                0x000001b0       0x58 Drivers/STM32F0xx_HAL_Driver/stm32f0xx_hal_gpio.o
 .debug_aranges
                0x00000208       0x80 Drivers/STM32F0xx_HAL_Driver/stm32f0xx_hal_rcc.o
 .debug_aranges
                0x00000288       0x78 Drivers/STM32F0xx_HAL_Driver/stm32f0xx_hal_rcc_ex.o
 .debug_aranges
                0x00000300      0x158 Drivers/STM32F0xx_HAL_Driver/stm32f0xx_hal_uart.o
 .debug_aranges
                0x00000458       0x60 Drivers/STM32F0xx_HAL_Driver/stm32f0xx_hal_uart_ex.o
 .debug_aranges
                0x000004b8       0xb0 Src/UART.o
 .debug_aranges
                0x00000568       0x58 Src/main.o
 .debug_aranges
                0x000005c0       0x30 Src/stm32f0xx_hal_msp.o
 .debug_aranges
                0x000005f0       0x38 Src/stm32f0xx_it.o

.debug_ranges   0x00000000      0x560
 .debug_ranges  0x00000000       0x20 Application/SW4STM32/startup_stm32f072xb.o
 .debug_ranges  0x00000020       0x18 Drivers/CMSIS/system_stm32f0xx.o
 .debug_ranges  0x00000038       0x90 Drivers/STM32F0xx_HAL_Driver/stm32f0xx_hal.o
 .debug_ranges  0x000000c8       0xb0 Drivers/STM32F0xx_HAL_Driver/stm32f0xx_hal_cortex.o
 .debug_ranges  0x00000178       0x48 Drivers/STM32F0xx_HAL_Driver/stm32f0xx_hal_gpio.o
 .debug_ranges  0x000001c0       0x70 Drivers/STM32F0xx_HAL_Driver/stm32f0xx_hal_rcc.o
 .debug_ranges  0x00000230       0x68 Drivers/STM32F0xx_HAL_Driver/stm32f0xx_hal_rcc_ex.o
 .debug_ranges  0x00000298      0x148 Drivers/STM32F0xx_HAL_Driver/stm32f0xx_hal_uart.o
 .debug_ranges  0x000003e0       0x50 Drivers/STM32F0xx_HAL_Driver/stm32f0xx_hal_uart_ex.o
 .debug_ranges  0x00000430       0xa0 Src/UART.o
 .debug_ranges  0x000004d0       0x48 Src/main.o
 .debug_ranges  0x00000518       0x20 Src/stm32f0xx_hal_msp.o
 .debug_ranges  0x00000538       0x28 Src/stm32f0xx_it.o

.debug_macro    0x00000000    0x19247
 .debug_macro   0x00000000      0x2c3 Drivers/CMSIS/system_stm32f0xx.o
 .debug_macro   0x000002c3      0x832 Drivers/CMSIS/system_stm32f0xx.o
 .debug_macro   0x00000af5       0x2e Drivers/CMSIS/system_stm32f0xx.o
 .debug_macro   0x00000b23       0x22 Drivers/CMSIS/system_stm32f0xx.o
 .debug_macro   0x00000b45       0x22 Drivers/CMSIS/system_stm32f0xx.o
 .debug_macro   0x00000b67       0x44 Drivers/CMSIS/system_stm32f0xx.o
 .debug_macro   0x00000bab       0xfd Drivers/CMSIS/system_stm32f0xx.o
 .debug_macro   0x00000ca8       0x22 Drivers/CMSIS/system_stm32f0xx.o
 .debug_macro   0x00000cca      0x1df Drivers/CMSIS/system_stm32f0xx.o
 .debug_macro   0x00000ea9       0x34 Drivers/CMSIS/system_stm32f0xx.o
 .debug_macro   0x00000edd       0x26 Drivers/CMSIS/system_stm32f0xx.o
 .debug_macro   0x00000f03      0x30d Drivers/CMSIS/system_stm32f0xx.o
 .debug_macro   0x00001210     0xfce4 Drivers/CMSIS/system_stm32f0xx.o
 .debug_macro   0x00010ef4       0x3c Drivers/CMSIS/system_stm32f0xx.o
 .debug_macro   0x00010f30       0x8e Drivers/CMSIS/system_stm32f0xx.o
 .debug_macro   0x00010fbe       0x9e Drivers/CMSIS/system_stm32f0xx.o
 .debug_macro   0x0001105c     0x3398 Drivers/CMSIS/system_stm32f0xx.o
 .debug_macro   0x000143f4       0x58 Drivers/CMSIS/system_stm32f0xx.o
 .debug_macro   0x0001444c       0x35 Drivers/CMSIS/system_stm32f0xx.o
 .debug_macro   0x00014481       0x9c Drivers/CMSIS/system_stm32f0xx.o
 .debug_macro   0x0001451d       0x16 Drivers/CMSIS/system_stm32f0xx.o
 .debug_macro   0x00014533       0x97 Drivers/CMSIS/system_stm32f0xx.o
 .debug_macro   0x000145ca      0x329 Drivers/CMSIS/system_stm32f0xx.o
 .debug_macro   0x000148f3       0xfd Drivers/CMSIS/system_stm32f0xx.o
 .debug_macro   0x000149f0       0x10 Drivers/CMSIS/system_stm32f0xx.o
 .debug_macro   0x00014a00       0x52 Drivers/CMSIS/system_stm32f0xx.o
 .debug_macro   0x00014a52       0x16 Drivers/CMSIS/system_stm32f0xx.o
 .debug_macro   0x00014a68       0x43 Drivers/CMSIS/system_stm32f0xx.o
 .debug_macro   0x00014aab      0x187 Drivers/CMSIS/system_stm32f0xx.o
 .debug_macro   0x00014c32       0x10 Drivers/CMSIS/system_stm32f0xx.o
 .debug_macro   0x00014c42       0x22 Drivers/CMSIS/system_stm32f0xx.o
 .debug_macro   0x00014c64       0x3a Drivers/CMSIS/system_stm32f0xx.o
 .debug_macro   0x00014c9e       0x10 Drivers/CMSIS/system_stm32f0xx.o
 .debug_macro   0x00014cae       0x40 Drivers/CMSIS/system_stm32f0xx.o
 .debug_macro   0x00014cee       0x65 Drivers/CMSIS/system_stm32f0xx.o
 .debug_macro   0x00014d53       0x16 Drivers/CMSIS/system_stm32f0xx.o
 .debug_macro   0x00014d69      0x197 Drivers/CMSIS/system_stm32f0xx.o
 .debug_macro   0x00014f00       0x49 Drivers/CMSIS/system_stm32f0xx.o
 .debug_macro   0x00014f49      0x953 Drivers/CMSIS/system_stm32f0xx.o
 .debug_macro   0x0001589c      0x5f3 Drivers/CMSIS/system_stm32f0xx.o
 .debug_macro   0x00015e8f      0x13a Drivers/CMSIS/system_stm32f0xx.o
 .debug_macro   0x00015fc9      0x1a7 Drivers/CMSIS/system_stm32f0xx.o
 .debug_macro   0x00016170      0x225 Drivers/CMSIS/system_stm32f0xx.o
 .debug_macro   0x00016395       0x34 Drivers/CMSIS/system_stm32f0xx.o
 .debug_macro   0x000163c9       0x43 Drivers/CMSIS/system_stm32f0xx.o
 .debug_macro   0x0001640c       0x29 Drivers/CMSIS/system_stm32f0xx.o
 .debug_macro   0x00016435       0xb6 Drivers/CMSIS/system_stm32f0xx.o
 .debug_macro   0x000164eb      0x217 Drivers/CMSIS/system_stm32f0xx.o
 .debug_macro   0x00016702      0x202 Drivers/CMSIS/system_stm32f0xx.o
 .debug_macro   0x00016904       0x4f Drivers/CMSIS/system_stm32f0xx.o
 .debug_macro   0x00016953       0x90 Drivers/CMSIS/system_stm32f0xx.o
 .debug_macro   0x000169e3       0x4d Drivers/CMSIS/system_stm32f0xx.o
 .debug_macro   0x00016a30      0x16d Drivers/CMSIS/system_stm32f0xx.o
 .debug_macro   0x00016b9d      0x383 Drivers/CMSIS/system_stm32f0xx.o
 .debug_macro   0x00016f20      0x209 Drivers/CMSIS/system_stm32f0xx.o
 .debug_macro   0x00017129      0x129 Drivers/CMSIS/system_stm32f0xx.o
 .debug_macro   0x00017252      0x2e7 Drivers/STM32F0xx_HAL_Driver/stm32f0xx_hal.o
 .debug_macro   0x00017539      0x2c3 Drivers/STM32F0xx_HAL_Driver/stm32f0xx_hal_cortex.o
 .debug_macro   0x000177fc      0x2fc Drivers/STM32F0xx_HAL_Driver/stm32f0xx_hal_gpio.o
 .debug_macro   0x00017af8      0x2d5 Drivers/STM32F0xx_HAL_Driver/stm32f0xx_hal_rcc.o
 .debug_macro   0x00017dcd      0x2d5 Drivers/STM32F0xx_HAL_Driver/stm32f0xx_hal_rcc_ex.o
 .debug_macro   0x000180a2      0x2d2 Drivers/STM32F0xx_HAL_Driver/stm32f0xx_hal_uart.o
 .debug_macro   0x00018374      0x2c3 Drivers/STM32F0xx_HAL_Driver/stm32f0xx_hal_uart_ex.o
 .debug_macro   0x00018637      0x2f2 Src/UART.o
 .debug_macro   0x00018929       0x16 Src/UART.o
 .debug_macro   0x0001893f       0x35 Src/UART.o
 .debug_macro   0x00018974       0x22 Src/UART.o
 .debug_macro   0x00018996       0x5e Src/UART.o
 .debug_macro   0x000189f4      0x2c3 Src/main.o
 .debug_macro   0x00018cb7      0x2c3 Src/stm32f0xx_hal_msp.o
 .debug_macro   0x00018f7a      0x2cd Src/stm32f0xx_it.o

.debug_str      0x00000000    0x8c413
 .debug_str     0x00000000    0x89fa4 Drivers/CMSIS/system_stm32f0xx.o
                              0x8a229 (size before relaxing)
 .debug_str     0x00089fa4      0x47a Drivers/STM32F0xx_HAL_Driver/stm32f0xx_hal.o
                              0x8a6c3 (size before relaxing)
 .debug_str     0x0008a41e      0x23b Drivers/STM32F0xx_HAL_Driver/stm32f0xx_hal_cortex.o
                              0x8a5d3 (size before relaxing)
 .debug_str     0x0008a659      0x313 Drivers/STM32F0xx_HAL_Driver/stm32f0xx_hal_gpio.o
                              0x8a4ab (size before relaxing)
 .debug_str     0x0008a96c      0x373 Drivers/STM32F0xx_HAL_Driver/stm32f0xx_hal_rcc.o
                              0x8a5e9 (size before relaxing)
 .debug_str     0x0008acdf      0x3da Drivers/STM32F0xx_HAL_Driver/stm32f0xx_hal_rcc_ex.o
                              0x8a5c5 (size before relaxing)
 .debug_str     0x0008b0b9      0x938 Drivers/STM32F0xx_HAL_Driver/stm32f0xx_hal_uart.o
                              0x8ab70 (size before relaxing)
 .debug_str     0x0008b9f1      0x1ae Drivers/STM32F0xx_HAL_Driver/stm32f0xx_hal_uart_ex.o
                              0x8a77f (size before relaxing)
 .debug_str     0x0008bb9f      0x75c Src/UART.o
                              0x8ad2b (size before relaxing)
 .debug_str     0x0008c2fb       0xa1 Src/main.o
                              0x8aad4 (size before relaxing)
 .debug_str     0x0008c39c       0x1b Src/stm32f0xx_hal_msp.o
                              0x8a84c (size before relaxing)
 .debug_str     0x0008c3b7       0x5c Src/stm32f0xx_it.o
                              0x8a5e2 (size before relaxing)

.comment        0x00000000       0x6e
 .comment       0x00000000       0x6e Drivers/CMSIS/system_stm32f0xx.o
                                 0x6f (size before relaxing)
 .comment       0x0000006e       0x6f Drivers/STM32F0xx_HAL_Driver/stm32f0xx_hal.o
 .comment       0x0000006e       0x6f Drivers/STM32F0xx_HAL_Driver/stm32f0xx_hal_cortex.o
 .comment       0x0000006e       0x6f Drivers/STM32F0xx_HAL_Driver/stm32f0xx_hal_gpio.o
 .comment       0x0000006e       0x6f Drivers/STM32F0xx_HAL_Driver/stm32f0xx_hal_rcc.o
 .comment       0x0000006e       0x6f Drivers/STM32F0xx_HAL_Driver/stm32f0xx_hal_rcc_ex.o
 .comment       0x0000006e       0x6f Drivers/STM32F0xx_HAL_Driver/stm32f0xx_hal_uart.o
 .comment       0x0000006e       0x6f Drivers/STM32F0xx_HAL_Driver/stm32f0xx_hal_uart_ex.o
 .comment       0x0000006e       0x6f Src/UART.o
 .comment       0x0000006e       0x6f Src/main.o
 .comment       0x0000006e       0x6f Src/stm32f0xx_hal_msp.o
 .comment       0x0000006e       0x6f Src/stm32f0xx_it.o

.debug_frame    0x00000000     0x1430
 .debug_frame   0x00000000       0x4c Drivers/CMSIS/system_stm32f0xx.o
 .debug_frame   0x0000004c      0x1f4 Drivers/STM32F0xx_HAL_Driver/stm32f0xx_hal.o
 .debug_frame   0x00000240      0x2a4 Drivers/STM32F0xx_HAL_Driver/stm32f0xx_hal_cortex.o
 .debug_frame   0x000004e4      0x110 Drivers/STM32F0xx_HAL_Driver/stm32f0xx_hal_gpio.o
 .debug_frame   0x000005f4      0x194 Drivers/STM32F0xx_HAL_Driver/stm32f0xx_hal_rcc.o
 .debug_frame   0x00000788      0x180 Drivers/STM32F0xx_HAL_Driver/stm32f0xx_hal_rcc_ex.o
 .debug_frame   0x00000908      0x510 Drivers/STM32F0xx_HAL_Driver/stm32f0xx_hal_uart.o
 .debug_frame   0x00000e18      0x130 Drivers/STM32F0xx_HAL_Driver/stm32f0xx_hal_uart_ex.o
 .debug_frame   0x00000f48      0x26c Src/UART.o
 .debug_frame   0x000011b4       0xf8 Src/main.o
 .debug_frame   0x000012ac       0x70 Src/stm32f0xx_hal_msp.o
 .debug_frame   0x0000131c       0x80 Src/stm32f0xx_it.o
 .debug_frame   0x0000139c       0x20 c:/ac6/systemworkbench/plugins/fr.ac6.mcu.externaltools.arm-none.win32_1.7.0.201602121829/tools/compiler/bin/../lib/gcc/arm-none-eabi/5.2.1/armv6-m\libgcc.a(_udivsi3.o)
 .debug_frame   0x000013bc       0x20 c:/ac6/systemworkbench/plugins/fr.ac6.mcu.externaltools.arm-none.win32_1.7.0.201602121829/tools/compiler/bin/../lib/gcc/arm-none-eabi/5.2.1/armv6-m\libgcc.a(_divsi3.o)
 .debug_frame   0x000013dc       0x2c c:/ac6/systemworkbench/plugins/fr.ac6.mcu.externaltools.arm-none.win32_1.7.0.201602121829/tools/compiler/bin/../lib/gcc/arm-none-eabi/5.2.1/../../../../arm-none-eabi/lib/armv6-m\libc_nano.a(lib_a-init.o)
 .debug_frame   0x00001408       0x28 c:/ac6/systemworkbench/plugins/fr.ac6.mcu.externaltools.arm-none.win32_1.7.0.201602121829/tools/compiler/bin/../lib/gcc/arm-none-eabi/5.2.1/../../../../arm-none-eabi/lib/armv6-m\libc_nano.a(lib_a-memcpy-stub.o)
